SQL> SET LINESIZE 400
SQL> CLEAR SCREEN
SQL> REM CONUSLTA 9
SQL> SELECT SUM(COUNT(DISTINCT ASIG.T)) AS NUM_TITULACIONES
  2  FROM ASIGNATURA ASIG JOIN AREA ARE ON ASIG.CAR = ARE.CAR
  3  JOIN DEPARTAMENTO DEP ON DEP.CD = ARE.CD
  4  WHERE DEP.D='ESTADISTICA, INVESTIGACION OPERATIVA Y COMPUTACION';
SELECT SUM(COUNT(DISTINCT ASIG.T)) AS NUM_TITULACIONES
           *
ERROR at line 1:
ORA-00978: nested group function without GROUP BY 


SQL> SELECT SUM(COUNT(DISTINCT ASIG.T)) AS NUM_TITULACIONES
  2  FROM ASIGNATURA ASIG JOIN AREA ARE ON ASIG.CAR = ARE.CAR
  3  JOIN DEPARTAMENTO DEP ON DEP.CD = ARE.CD
  4  WHERE DEP.D='ESTADISTICA, INVESTIGACION OPERATIVA Y COMPUTACION'
  5  GROUP BY ASIG.T;

NUM_TITULACIONES                                                                                                                                                                                                                                                                                                                                                                                                
----------------                                                                                                                                                                                                                                                                                                                                                                                                
               2                                                                                                                                                                                                                                                                                                                                                                                                

SQL> REM CONSULTA 10
SQL> SELECT COUNT(DISTINCT PRO.P) AS NUM_PROFESORES
  2  FROM PROFESOR PRO JOIN AREA arfeON PRO.CAR = are.car
  3  
SQL> SELECT COUNT(DISTINCT PRO.P) AS NUM_PROFESORES
  2  FROM PROFESOR PRO JOIN AREA ARE ON PRO.CAR = ARE.CAR
  3  WHERE ARE.AR LIKE 'A%';

NUM_PROFESORES                                                                                                                                                                                                                                                                                                                                                                                                  
--------------                                                                                                                                                                                                                                                                                                                                                                                                  
             3                                                                                                                                                                                                                                                                                                                                                                                                  

SQL> REM CONSULTA 11;
SQL> SELECT T, COUNT(*) AS NUM_ASIGNATURAS
  2  FROM ASIGNATURA GROUP BY T
  3  ORDER BY T ASC;

T    NUM_ASIGNATURAS                                                                                                                                                                                                                                                                                                                                                                                            
---- ---------------                                                                                                                                                                                                                                                                                                                                                                                            
GF                 1                                                                                                                                                                                                                                                                                                                                                                                            
GII                7                                                                                                                                                                                                                                                                                                                                                                                            
GM                 2                                                                                                                                                                                                                                                                                                                                                                                            
MII                2                                                                                                                                                                                                                                                                                                                                                                                            

SQL> REM CONSULTA 12
SQL> SELECT A FROM ASIGNATURA
  2  WHERE CT = (MAX(CT) FROM ASIGNATURA);
WHERE CT = (MAX(CT) FROM ASIGNATURA)
            *
ERROR at line 2:
ORA-00934: group function is not allowed here 


SQL> SELECT A FROM ASIGNATURA
  2  WHERE CT = (SELECT MAX(CT) FROM ASIGNATURA);

A                                                                                                                                                                                                                                                                                                                                                                                                               
--------------------------------------------------                                                                                                                                                                                                                                                                                                                                                              
ENSENANZA DE LA MATEMATICA                                                                                                                                                                                                                                                                                                                                                                                      

SQL> REM CONSULTA 13
SQL> SELECT A FROM ASIGNATURA
  2  WHERE CT = (SELECT MIN(CT) FROM ASIGNATURA);

A                                                                                                                                                                                                                                                                                                                                                                                                               
--------------------------------------------------                                                                                                                                                                                                                                                                                                                                                              
INTELIGENCIA ARTIFICIAL                                                                                                                                                                                                                                                                                                                                                                                         
ALMACENES DE DATOS                                                                                                                                                                                                                                                                                                                                                                                              
MINERIA DE DATOS                                                                                                                                                                                                                                                                                                                                                                                                

SQL> REM CONSULTA 14
SQL> SELECT A, (CL+CP+CT) AS CREDITOS
  2  FROM ASIGNATURA;

A                                                    CREDITOS                                                                                                                                                                                                                                                                                                                                                   
-------------------------------------------------- ----------                                                                                                                                                                                                                                                                                                                                                   
BASES DE DATOS                                              6                                                                                                                                                                                                                                                                                                                                                   
INTELIGENCIA ARTIFICIAL                                     6                                                                                                                                                                                                                                                                                                                                                   
ALMACENES DE DATOS                                          3                                                                                                                                                                                                                                                                                                                                                   
MINERIA DE DATOS                                            3                                                                                                                                                                                                                                                                                                                                                   
INFORMATICA BASICA                                          6                                                                                                                                                                                                                                                                                                                                                   
ALGEBRA                                                     6                                                                                                                                                                                                                                                                                                                                                   
CALCULO                                                     6                                                                                                                                                                                                                                                                                                                                                   
OPTIMIZACION                                                6                                                                                                                                                                                                                                                                                                                                                   
GESTION DE RIESGOS                                          6                                                                                                                                                                                                                                                                                                                                                   
ASTRONOMIA                                                  6                                                                                                                                                                                                                                                                                                                                                   
ENSENANZA DE LA MATEMATICA                                  6                                                                                                                                                                                                                                                                                                                                                   

A                                                    CREDITOS                                                                                                                                                                                                                                                                                                                                                   
-------------------------------------------------- ----------                                                                                                                                                                                                                                                                                                                                                   
ANALISIS COMPLEJO                                         7.5                                                                                                                                                                                                                                                                                                                                                   

12 rows selected.

SQL> REM CONSULTA 15
SQL> 
SQL> SELECT A FROM ASIGNATURA
  2  WHERE (CL+CP+CT) = (SELECT MAX(CL+CP+CT) FROM ASIGNATURA);

A                                                                                                                                                                                                                                                                                                                                                                                                               
--------------------------------------------------                                                                                                                                                                                                                                                                                                                                                              
ANALISIS COMPLEJO                                                                                                                                                                                                                                                                                                                                                                                               

SQL> REM CONSULTA 16
SQL> SELECT A FROM ASIGNATURA
  2  WHERE (CL+CP+CT) = (SELECT MIN(CL+CP+CT) FROM ASIGNATURA);

A                                                                                                                                                                                                                                                                                                                                                                                                               
--------------------------------------------------                                                                                                                                                                                                                                                                                                                                                              
ALMACENES DE DATOS                                                                                                                                                                                                                                                                                                                                                                                              
MINERIA DE DATOS                                                                                                                                                                                                                                                                                                                                                                                                

SQL> REM CONUSLTA 17
SQL> SELECT ARE ARE FROM AREA ARE JOIN ASIGNATURA ASIG ON ARE.CAR = ASIG.CAR
  2  WHERE(ASIG.CL+ASIG.CP+ASIG.CT) =(SELECT MAX(ASIG.CL+ASIG.CP+ASIG.CT) FROM ASIGNATURA ASIG);
SELECT ARE ARE FROM AREA ARE JOIN ASIGNATURA ASIG ON ARE.CAR = ASIG.CAR
       *
ERROR at line 1:
ORA-00904: "ARE": invalid identifier 


SQL> SELECT ARE.AR FROM AREA ARE JOIN ASIGNATURA ASIG ON ARE.CAR = ASIG.CAR
  2  WHERE(ASIG.CL+ASIG.CP+ASIG.CT) =(SELECT MAX(ASIG.CL+ASIG.CP+ASIG.CT) FROM ASIGNATURA ASIG);

AR                                                                                                                                                                                                                                                                                                                                                                                                              
------------------------------------------------------------                                                                                                                                                                                                                                                                                                                                                    
ANALISIS MATEMATICO                                                                                                                                                                                                                                                                                                                                                                                             

SQL> REM CONSULTA 18
SQL> SELECT COUNT(DISTINCT CAS) FROM PLAN_DOCENTE
  2  WHERE DNI=1111;

COUNT(DISTINCTCAS)                                                                                                                                                                                                                                                                                                                                                                                              
------------------                                                                                                                                                                                                                                                                                                                                                                                              
                 1                                                                                                                                                                                                                                                                                                                                                                                              

SQL> SELECT COUNT(DISTINCT CAS) AS NUM_ASIGNATURAS FROM PLAN_DOCENTE
  2  WHERE DNI=1111;

NUM_ASIGNATURAS                                                                                                                                                                                                                                                                                                                                                                                                 
---------------                                                                                                                                                                                                                                                                                                                                                                                                 
              1                                                                                                                                                                                                                                                                                                                                                                                                 

SQL> SPOOL OFF
