SQL> SELECT A FROM ASIGNATURA WHERE A LIKE 'A%';

A                                                                               
--------------------------------------------------                              
ALMACENES DE DATOS                                                              
ALGEBRA                                                                         
ASTRONOMIA                                                                      
ANALISIS COMPLEJO                                                               

SQL> SELECT A FROM ASIGNATURA WHERE A LIKE '%A';

A                                                                               
--------------------------------------------------                              
INFORMATICA BASICA                                                              
ALGEBRA                                                                         
ASTRONOMIA                                                                      
ENSENANZA DE LA MATEMATICA                                                      

SQL> SELECT A, CAR FROM ASIGNATURA WHERE A LIKE '%A';

A                                                         CAR                   
-------------------------------------------------- ----------                   
INFORMATICA BASICA                                          7                   
ALGEBRA                                                     1                   
ASTRONOMIA                                                  3                   
ENSENANZA DE LA MATEMATICA                                  5                   

SQL> SELECT A, CAR FROM ASIGNATURA WHERE A LIKE 'A%';

A                                                         CAR                   
-------------------------------------------------- ----------                   
ALMACENES DE DATOS                                          7                   
ALGEBRA                                                     1                   
ASTRONOMIA                                                  3                   
ANALISIS COMPLEJO                                           2                   

SQL> SELECT A FROM ASIGNATURA WHERE A LIKE '%DATOS%';

A                                                                               
--------------------------------------------------                              
BASES DE DATOS                                                                  
ALMACENES DE DATOS                                                              
MINERIA DE DATOS                                                                

SQL> SELECT DNI FROM PROFESOR WHERE P LIKE '__R%';

       DNI                                                                      
----------                                                                      
      2222                                                                      
      4444                                                                      
      6666                                                                      
      7777                                                                      

SQL> SELECT DISTINCT DNI FROM PROFESOR WHERE P LIKE '_____';

       DNI                                                                      
----------                                                                      
      3333                                                                      
      4444                                                                      
      7777                                                                      
      1010                                                                      

SQL> SELECT DISTINCT DNI FROM PROFESOR WHERE LEN(P)<=5;
SELECT DISTINCT DNI FROM PROFESOR WHERE LEN(P)<=5
                                        *
ERROR at line 1:
ORA-00904: "LEN": invalid identifier 


SQL> SELECT DISTINCT DNI FROM PROFESOR WHERE P<5;
SELECT DISTINCT DNI FROM PROFESOR WHERE P<5
                                        *
ERROR at line 1:
ORA-01722: invalid number 


SQL> hago la 6 primero;
SP2-0734: unknown command beginning "hago la 6 ..." - rest of line ignored.
SQL> SELECT DISTINCT DNI FROM PROFESOR WHERE P LIKE '_____%';

       DNI                                                                      
----------                                                                      
      2222                                                                      
      3333                                                                      
      4444                                                                      
      6666                                                                      
      7777                                                                      
      8888                                                                      
      9999                                                                      
      1010                                                                      
      2020                                                                      
      3030                                                                      

10 rows selected.

SQL> SELECT DISTINCT DNI FROM PROFESOR WHERE MAX(LEN(P))<=5;
SELECT DISTINCT DNI FROM PROFESOR WHERE MAX(LEN(P))<=5
                                        *
ERROR at line 1:
ORA-00934: group function is not allowed here 


SQL> SELECT DISTINCT DNI FROM PROFESOR WHERE P LIKE '_' OR '__' OR '___' OR '____' OR '_____';
SELECT DISTINCT DNI FROM PROFESOR WHERE P LIKE '_' OR '__' OR '___' OR '____' OR '_____'
                                                           *
ERROR at line 1:
ORA-00920: invalid relational operator 


SQL> SELECT DISTINCT DNI FROM PROFESOR WHERE P LIKE '____' OR '_____';
SELECT DISTINCT DNI FROM PROFESOR WHERE P LIKE '____' OR '_____'
                                                               *
ERROR at line 1:
ORA-00920: invalid relational operator 


SQL> SELECT DISTINCT DNI FROM PROFESOR WHERE P LIKE '____' OR '_____';
SELECT DISTINCT DNI FROM PROFESOR WHERE P LIKE '____' OR '_____'
                                                               *
ERROR at line 1:
ORA-00920: invalid relational operator 


SQL> SELECT DISTINCT DNI FROM PROFESOR WHERE P LIKE '_____';

       DNI                                                                      
----------                                                                      
      3333                                                                      
      4444                                                                      
      7777                                                                      
      1010                                                                      

SQL> SELECT DISTINCT DNI FROM PROFESOR WHERE STR(P)<=5;
SELECT DISTINCT DNI FROM PROFESOR WHERE STR(P)<=5
                                        *
ERROR at line 1:
ORA-00904: "STR": invalid identifier 


SQL> SELECT DISTINCT DNI FROM PROFESOR WHERE P(LEN <=5);
SELECT DISTINCT DNI FROM PROFESOR WHERE P(LEN <=5)
                                              *
ERROR at line 1:
ORA-00907: missing right parenthesis 


SQL> SELECT DISTINCT DNI FROM PROFESOR WHERE P LIKE ([_]{1,5});
SELECT DISTINCT DNI FROM PROFESOR WHERE P LIKE ([_]{1,5})
                                                *
ERROR at line 1:
ORA-00936: missing expression 


SQL> SELECT DISTINCT DNI FROM PROFESOR WHERE P LIKE (/[_]{1,5});
SELECT DISTINCT DNI FROM PROFESOR WHERE P LIKE (/[_]{1,5})
                                                *
ERROR at line 1:
ORA-00936: missing expression 


SQL> SELECT DISTINCT DNI FROM PROFESOR WHERE P LIKE '/[_]{1,5}';

no rows selected

SQL> SELECT DISTINCT DNI FROM PROFESOR WHERE P LIKE '[_]{1,5}';

no rows selected

SQL> SELECT DISTINCT DNI FROM PROFESOR WHERE P LIKE '{1,5}';

no rows selected

SQL> SELECT DISTINCT DNI FROM PROFESOR WHERE P LIKE '[a-z]{1,5}';

no rows selected

SQL> SELECT DISTINCT DNI FROM PROFESOR WHERE P LIKE '[a-zA-Z]{1,5}';

no rows selected

SQL> SELECT DISTINCT DNI FROM PROFESOR WHERE LEN(P) <=5;
SELECT DISTINCT DNI FROM PROFESOR WHERE LEN(P) <=5
                                        *
ERROR at line 1:
ORA-00904: "LEN": invalid identifier 


SQL> DEJAMOS PENDIENTE LA CONSULTA 5 PASAMOS A LA 7;
SP2-0734: unknown command beginning "DEJAMOS PE..." - rest of line ignored.
SQL> SELECT P FROM PROFESOR WHERE FF IN (SELECT FF FROM PLAN_DOCENTE WHERE FF != NULL);
SELECT P FROM PROFESOR WHERE FF IN (SELECT FF FROM PLAN_DOCENTE WHERE FF != NULL)
                             *
ERROR at line 1:
ORA-00904: "FF": invalid identifier 


SQL> SELECT * FROM PLAN_DOCENTE
  2  ;

       DNI        CAS        CTA        CPA        CLA FI        FF             
---------- ---------- ---------- ---------- ---------- --------- ---------      
      4444          1          3        1.5        1.5 01-SEP-11                
      4444          4        1.5          0        1.5 01-SEP-08 31-AUG-10      
      4444          5          3          0          0 01-SEP-10                
      1111          8          3        1.5        1.5 01-SEP-07 31-AUG-09      
      1111          8          3          0          0 01-SEP-09                
      3030          8          0        1.5        1.5 01-SEP-09                
      2222          4        1.5          0        1.5 01-SEP-09                
      2222          3        1.5          0        1.5 01-SEP-06 31-AUG-07      
      1010          2        1.5        1.5          3 01-SEP-05 31-AUG-08      
      3333          2        1.5        1.5          3 01-SEP-08                
      1010          9          3          0          3 01-SEP-08 31-AUG-09      

       DNI        CAS        CTA        CPA        CLA FI        FF             
---------- ---------- ---------- ---------- ---------- --------- ---------      
      1010          9        1.5          0        1.5 01-SEP-09                
      9999          7          3          3          0 01-SEP-10                
      5555          6          3          3          0 31-MAR-10                
      6666         10          3        1.5        1.5 01-SEP-08 31-AUG-11      
      8888         11          6          0          0 01-SEP-09                
      2020          3        1.5          0        1.5 01-SEP-08                
      7777         12        4.5          3          0 01-SEP-10                
      3333          9        1.5          0        1.5 01-SEP-09                

19 rows selected.

SQL> SELECT P FROM PROFESOR UNION SELECT FF FROM PLAN_DOCENTE WHERE FF != NULL;
SELECT P FROM PROFESOR UNION SELECT FF FROM PLAN_DOCENTE WHERE FF != NULL
       *
ERROR at line 1:
ORA-01790: expression must have same datatype as corresponding expression 


SQL> SELECT P FROM PROFESOR, PLAN_DOCENTE WHERE FF != NULL;

no rows selected

SQL> SELECT P FROM PROFESOR, PLAN_DOCENTE WHERE CTA= 3;

P                                                                               
------------------------------------------------------------                    
JUAN                                                                            
CARLOS                                                                          
PEDRO                                                                           
MARIA                                                                           
IVAN                                                                            
CARMEN                                                                          
MARIO                                                                           
FRANCISCO                                                                       
ANGELA                                                                          
DAVID                                                                           
SOLEDAD                                                                         

P                                                                               
------------------------------------------------------------                    
JOSE MANUEL                                                                     
JUAN                                                                            
CARLOS                                                                          
PEDRO                                                                           
MARIA                                                                           
IVAN                                                                            
CARMEN                                                                          
MARIO                                                                           
FRANCISCO                                                                       
ANGELA                                                                          
DAVID                                                                           

P                                                                               
------------------------------------------------------------                    
SOLEDAD                                                                         
JOSE MANUEL                                                                     
JUAN                                                                            
CARLOS                                                                          
PEDRO                                                                           
MARIA                                                                           
IVAN                                                                            
CARMEN                                                                          
MARIO                                                                           
FRANCISCO                                                                       
ANGELA                                                                          

P                                                                               
------------------------------------------------------------                    
DAVID                                                                           
SOLEDAD                                                                         
JOSE MANUEL                                                                     
JUAN                                                                            
CARLOS                                                                          
PEDRO                                                                           
MARIA                                                                           
IVAN                                                                            
CARMEN                                                                          
MARIO                                                                           
FRANCISCO                                                                       

P                                                                               
------------------------------------------------------------                    
ANGELA                                                                          
DAVID                                                                           
SOLEDAD                                                                         
JOSE MANUEL                                                                     
JUAN                                                                            
CARLOS                                                                          
PEDRO                                                                           
MARIA                                                                           
IVAN                                                                            
CARMEN                                                                          
MARIO                                                                           

P                                                                               
------------------------------------------------------------                    
FRANCISCO                                                                       
ANGELA                                                                          
DAVID                                                                           
SOLEDAD                                                                         
JOSE MANUEL                                                                     
JUAN                                                                            
CARLOS                                                                          
PEDRO                                                                           
MARIA                                                                           
IVAN                                                                            
CARMEN                                                                          

P                                                                               
------------------------------------------------------------                    
MARIO                                                                           
FRANCISCO                                                                       
ANGELA                                                                          
DAVID                                                                           
SOLEDAD                                                                         
JOSE MANUEL                                                                     
JUAN                                                                            
CARLOS                                                                          
PEDRO                                                                           
MARIA                                                                           
IVAN                                                                            

P                                                                               
------------------------------------------------------------                    
CARMEN                                                                          
MARIO                                                                           
FRANCISCO                                                                       
ANGELA                                                                          
DAVID                                                                           
SOLEDAD                                                                         
JOSE MANUEL                                                                     
JUAN                                                                            
CARLOS                                                                          
PEDRO                                                                           
MARIA                                                                           

P                                                                               
------------------------------------------------------------                    
IVAN                                                                            
CARMEN                                                                          
MARIO                                                                           
FRANCISCO                                                                       
ANGELA                                                                          
DAVID                                                                           
SOLEDAD                                                                         
JOSE MANUEL                                                                     

96 rows selected.

SQL> SELECT DNI FROM PLAN_DOCENTE WHERE FF IS NOT NULL;

       DNI                                                                      
----------                                                                      
      4444                                                                      
      1111                                                                      
      2222                                                                      
      1010                                                                      
      1010                                                                      
      6666                                                                      

6 rows selected.

SQL> SELECT DNI FROM PLAN_DOCENTE WHERE FF IS NULL;

       DNI                                                                      
----------                                                                      
      4444                                                                      
      4444                                                                      
      1111                                                                      
      3030                                                                      
      2222                                                                      
      3333                                                                      
      1010                                                                      
      9999                                                                      
      5555                                                                      
      8888                                                                      
      2020                                                                      

       DNI                                                                      
----------                                                                      
      7777                                                                      
      3333                                                                      

13 rows selected.

SQL> SELECT DISTINCT DNI FROM PLAN_DOCENTE WHERE FF IS NULL;

       DNI                                                                      
----------                                                                      
      2222                                                                      
      9999                                                                      
      4444                                                                      
      1111                                                                      
      7777                                                                      
      3030                                                                      
      3333                                                                      
      8888                                                                      
      1010                                                                      
      2020                                                                      
      5555                                                                      

11 rows selected.

SQL> SELECT P FROM PROFESOR WHERE ( SELECT DISTINCT DNI FROM PLAN_DOCENTE WHERE FF IS NULL);
SELECT P FROM PROFESOR WHERE ( SELECT DISTINCT DNI FROM PLAN_DOCENTE WHERE FF IS NULL)
                                                                                     *
ERROR at line 1:
ORA-00936: missing expression 


SQL> SELECT DISTINCT DNI FROM PROFESOR WHERE P LIKE '?????';

no rows selected

SQL> SELECT DISTINCT DNI FROM PROFESOR WHERE P LIKE '?_';

no rows selected

SQL> SELECT DISTINCT DNI FROM PROFESOR WHERE P LIKE '?___';

no rows selected

SQL> SELECT DISTINCT DNI FROM PROFESOR WHERE P LIKE '____';

       DNI                                                                      
----------                                                                      
      1111                                                                      
      5555                                                                      

SQL> SELECT DISTINCT DNI FROM PROFESOR WHERE P LIKE '_____';

       DNI                                                                      
----------                                                                      
      3333                                                                      
      4444                                                                      
      7777                                                                      
      1010                                                                      

SQL> SELECT DISTINCT DNI FROM PROFESOR WHERE P LIKE '_____'OR LIKE '____';
SELECT DISTINCT DNI FROM PROFESOR WHERE P LIKE '_____'OR LIKE '____'
                                                         *
ERROR at line 1:
ORA-00936: missing expression 


SQL> SELECT DISTINCT DNI FROM PROFESOR WHERE P LIKE '_____' || '____';

       DNI                                                                      
----------                                                                      
      8888                                                                      

SQL> SELECT DISTINCT DNI FROM PROFESOR WHERE P LIKE '_____%';

       DNI                                                                      
----------                                                                      
      2222                                                                      
      3333                                                                      
      4444                                                                      
      6666                                                                      
      7777                                                                      
      8888                                                                      
      9999                                                                      
      1010                                                                      
      2020                                                                      
      3030                                                                      

10 rows selected.

SQL> SELECT DISTINCT DNI FROM PROFESOR WHERE P NOT LIKE '_____%';

       DNI                                                                      
----------                                                                      
      1111                                                                      
      5555                                                                      

SQL> SELECT DISTINCT DNI FROM PROFESOR WHERE P NOT LIKE '______%';

       DNI                                                                      
----------                                                                      
      1111                                                                      
      3333                                                                      
      4444                                                                      
      5555                                                                      
      7777                                                                      
      1010                                                                      

6 rows selected.

SQL> CONSULTA 5 POR FIN;
SP2-0734: unknown command beginning "CONSULTA 5..." - rest of line ignored.
SQL> SELECT DISTINCT DNI FROM PROFESOR WHERE P NOT LIKE '______%';

       DNI                                                                      
----------                                                                      
      1111                                                                      
      3333                                                                      
      4444                                                                      
      5555                                                                      
      7777                                                                      
      1010                                                                      

6 rows selected.

SQL> SEGUIMOS CON LA 7;
SP2-0734: unknown command beginning "SEGUIMOS C..." - rest of line ignored.
SQL> SELECT P FROM PROFESOR UNION SELECT DISTINCT DNI FROM PLAN_DOCENTE WHERE FF IS NULL;
SELECT P FROM PROFESOR UNION SELECT DISTINCT DNI FROM PLAN_DOCENTE WHERE FF IS NULL
       *
ERROR at line 1:
ORA-01790: expression must have same datatype as corresponding expression 


SQL> SELECT P FROM PROFESOR;

P                                                                               
------------------------------------------------------------                    
JUAN                                                                            
CARLOS                                                                          
PEDRO                                                                           
MARIA                                                                           
IVAN                                                                            
CARMEN                                                                          
MARIO                                                                           
FRANCISCO                                                                       
ANGELA                                                                          
DAVID                                                                           
SOLEDAD                                                                         

P                                                                               
------------------------------------------------------------                    
JOSE MANUEL                                                                     

12 rows selected.

SQL> SELECT DISTINCT DNI FROM PLAN_DOCENTE WHERE FF IS NULL;

       DNI                                                                      
----------                                                                      
      2222                                                                      
      9999                                                                      
      4444                                                                      
      1111                                                                      
      7777                                                                      
      3030                                                                      
      3333                                                                      
      8888                                                                      
      1010                                                                      
      2020                                                                      
      5555                                                                      

11 rows selected.

SQL> SELECT DISTINCT DNI FROM PLAN_DOCENTE WHERE FF IS NULL UNION SELECT P FROM PROFESOR;
SELECT DISTINCT DNI FROM PLAN_DOCENTE WHERE FF IS NULL UNION SELECT P FROM PROFESOR
                *
ERROR at line 1:
ORA-01790: expression must have same datatype as corresponding expression 


SQL> SELECT DISTINCT DNI FROM PLAN_DOCENTE WHERE FF IS NULL UNION SELECT DNI FROM PROFESOR;

       DNI                                                                      
----------                                                                      
      1010                                                                      
      1111                                                                      
      2020                                                                      
      2222                                                                      
      3030                                                                      
      3333                                                                      
      4444                                                                      
      5555                                                                      
      6666                                                                      
      7777                                                                      
      8888                                                                      

       DNI                                                                      
----------                                                                      
      9999                                                                      

12 rows selected.

SQL> SELECT PRO.P FROM PROFESOR PRO JOIN PLAN_DOCENTE PD ON PRO.P = PD.DNI
  2  ;
SELECT PRO.P FROM PROFESOR PRO JOIN PLAN_DOCENTE PD ON PRO.P = PD.DNI
                                                       *
ERROR at line 1:
ORA-01722: invalid number 


SQL> SELECT PRO.P FROM PROFESOR PRO JOIN PLAN_DOCENTE PD ON PRO.DNI = PD.DNI
  2  WHERE PD.FF IS NOT NULL;

P                                                                               
------------------------------------------------------------                    
DAVID                                                                           
DAVID                                                                           
JUAN                                                                            
CARLOS                                                                          
MARIA                                                                           
CARMEN                                                                          

6 rows selected.

SQL> SELECT PRO.P FROM PROFESOR PRO JOIN PLAN_DOCENTE PD ON PRO.DNI = PD.DNI
  2  WHERE PD.FF IS NULL;

P                                                                               
------------------------------------------------------------                    
DAVID                                                                           
JUAN                                                                            
SOLEDAD                                                                         
CARLOS                                                                          
JOSE MANUEL                                                                     
PEDRO                                                                           
PEDRO                                                                           
MARIA                                                                           
MARIA                                                                           
IVAN                                                                            
MARIO                                                                           

P                                                                               
------------------------------------------------------------                    
FRANCISCO                                                                       
ANGELA                                                                          

13 rows selected.

SQL> SELECT DISTINCT PRO.P FROM PROFESOR PRO JOIN PLAN_DOCENTE PD ON PRO.DNI = PD.DNI
  2  WHERE PD.FF IS NULL;

P                                                                               
------------------------------------------------------------                    
MARIO                                                                           
JUAN                                                                            
PEDRO                                                                           
FRANCISCO                                                                       
SOLEDAD                                                                         
DAVID                                                                           
CARLOS                                                                          
IVAN                                                                            
MARIA                                                                           
JOSE MANUEL                                                                     
ANGELA                                                                          

11 rows selected.

SQL> CONSULTA 7 HECHA;
SP2-0734: unknown command beginning "CONSULTA 7..." - rest of line ignored.
SQL> DE AMBAS FORMAS;
SP2-0734: unknown command beginning "DE AMBAS F..." - rest of line ignored.
SQL> SELECT PRO.P FROM PROFESOR PRO JOIN PLAN_DOCENTE PD ON PRO.DNI = PD.DNI
  2  WHERE PD.FF IS NULL;

P                                                                               
------------------------------------------------------------                    
DAVID                                                                           
JUAN                                                                            
SOLEDAD                                                                         
CARLOS                                                                          
JOSE MANUEL                                                                     
PEDRO                                                                           
PEDRO                                                                           
MARIA                                                                           
MARIA                                                                           
IVAN                                                                            
MARIO                                                                           

P                                                                               
------------------------------------------------------------                    
FRANCISCO                                                                       
ANGELA                                                                          

13 rows selected.

SQL> SELECT DISTINCT PRO.P FROM PROFESOR PRO JOIN PLAN_DOCENTE PD ON PRO.DNI = PD.DNI
  2  WHERE PD.FF IS NULL;

P                                                                               
------------------------------------------------------------                    
MARIO                                                                           
JUAN                                                                            
PEDRO                                                                           
FRANCISCO                                                                       
SOLEDAD                                                                         
DAVID                                                                           
CARLOS                                                                          
IVAN                                                                            
MARIA                                                                           
JOSE MANUEL                                                                     
ANGELA                                                                          

11 rows selected.

SQL> SELECT PRO.P FROM PROFESOR PRO JOIN PLAN_DOCENTE PD ON PRO.DNI = PD.DNI
  2  WHERE PD.CAS = 8;

P                                                                               
------------------------------------------------------------                    
JUAN                                                                            
JUAN                                                                            
JOSE MANUEL                                                                     

SQL> SELECT DISTINCT PRO.P FROM PROFESOR PRO JOIN PLAN_DOCENTE PD ON PRO.DNI = PD.DNI
  2  WHERE PD.CAS = 8;+
  3  ;
WHERE PD.CAS = 8;+
                *
ERROR at line 2:
ORA-00933: SQL command not properly ended 


SQL> SELECT DISTINCT PRO.P FROM PROFESOR PRO JOIN PLAN_DOCENTE PD ON PRO.DNI = PD.DNI
  2  WHERE PD.CAS = 8;

P                                                                               
------------------------------------------------------------                    
JUAN                                                                            
JOSE MANUEL                                                                     

SQL> SELECT * FROM PLAN_DOCENTE ORDER BY FF DESC;

       DNI        CAS        CTA        CPA        CLA FI        FF             
---------- ---------- ---------- ---------- ---------- --------- ---------      
      4444          1          3        1.5        1.5 01-SEP-11                
      3333          2        1.5        1.5          3 01-SEP-08                
      7777         12        4.5          3          0 01-SEP-10                
      2020          3        1.5          0        1.5 01-SEP-08                
      8888         11          6          0          0 01-SEP-09                
      5555          6          3          3          0 31-MAR-10                
      9999          7          3          3          0 01-SEP-10                
      4444          5          3          0          0 01-SEP-10                
      1111          8          3          0          0 01-SEP-09                
      3030          8          0        1.5        1.5 01-SEP-09                
      2222          4        1.5          0        1.5 01-SEP-09                

       DNI        CAS        CTA        CPA        CLA FI        FF             
---------- ---------- ---------- ---------- ---------- --------- ---------      
      3333          9        1.5          0        1.5 01-SEP-09                
      1010          9        1.5          0        1.5 01-SEP-09                
      6666         10          3        1.5        1.5 01-SEP-08 31-AUG-11      
      4444          4        1.5          0        1.5 01-SEP-08 31-AUG-10      
      1010          9          3          0          3 01-SEP-08 31-AUG-09      
      1111          8          3        1.5        1.5 01-SEP-07 31-AUG-09      
      1010          2        1.5        1.5          3 01-SEP-05 31-AUG-08      
      2222          3        1.5          0        1.5 01-SEP-06 31-AUG-07      

19 rows selected.

SQL> SELECT * FROM PLAN_DOCENTE ORDER BY FF ASC;

       DNI        CAS        CTA        CPA        CLA FI        FF             
---------- ---------- ---------- ---------- ---------- --------- ---------      
      2222          3        1.5          0        1.5 01-SEP-06 31-AUG-07      
      1010          2        1.5        1.5          3 01-SEP-05 31-AUG-08      
      1010          9          3          0          3 01-SEP-08 31-AUG-09      
      1111          8          3        1.5        1.5 01-SEP-07 31-AUG-09      
      4444          4        1.5          0        1.5 01-SEP-08 31-AUG-10      
      6666         10          3        1.5        1.5 01-SEP-08 31-AUG-11      
      1010          9        1.5          0        1.5 01-SEP-09                
      9999          7          3          3          0 01-SEP-10                
      5555          6          3          3          0 31-MAR-10                
      8888         11          6          0          0 01-SEP-09                
      2020          3        1.5          0        1.5 01-SEP-08                

       DNI        CAS        CTA        CPA        CLA FI        FF             
---------- ---------- ---------- ---------- ---------- --------- ---------      
      7777         12        4.5          3          0 01-SEP-10                
      3333          9        1.5          0        1.5 01-SEP-09                
      2222          4        1.5          0        1.5 01-SEP-09                
      3030          8          0        1.5        1.5 01-SEP-09                
      1111          8          3          0          0 01-SEP-09                
      4444          5          3          0          0 01-SEP-10                
      4444          1          3        1.5        1.5 01-SEP-11                
      3333          2        1.5        1.5          3 01-SEP-08                

19 rows selected.

SQL> SELECT * FROM PLAN_DOCENTE ORDER BY FF DESC;

       DNI        CAS        CTA        CPA        CLA FI        FF             
---------- ---------- ---------- ---------- ---------- --------- ---------      
      4444          1          3        1.5        1.5 01-SEP-11                
      3333          2        1.5        1.5          3 01-SEP-08                
      7777         12        4.5          3          0 01-SEP-10                
      2020          3        1.5          0        1.5 01-SEP-08                
      8888         11          6          0          0 01-SEP-09                
      5555          6          3          3          0 31-MAR-10                
      9999          7          3          3          0 01-SEP-10                
      4444          5          3          0          0 01-SEP-10                
      1111          8          3          0          0 01-SEP-09                
      3030          8          0        1.5        1.5 01-SEP-09                
      2222          4        1.5          0        1.5 01-SEP-09                

       DNI        CAS        CTA        CPA        CLA FI        FF             
---------- ---------- ---------- ---------- ---------- --------- ---------      
      3333          9        1.5          0        1.5 01-SEP-09                
      1010          9        1.5          0        1.5 01-SEP-09                
      6666         10          3        1.5        1.5 01-SEP-08 31-AUG-11      
      4444          4        1.5          0        1.5 01-SEP-08 31-AUG-10      
      1010          9          3          0          3 01-SEP-08 31-AUG-09      
      1111          8          3        1.5        1.5 01-SEP-07 31-AUG-09      
      1010          2        1.5        1.5          3 01-SEP-05 31-AUG-08      
      2222          3        1.5          0        1.5 01-SEP-06 31-AUG-07      

19 rows selected.

SQL> SELECT PRO.P FROM PROFESOR PRO, PLAN_DOCENTE PD, ASIGNATURA ASIG
  2  ;

P                                                                               
------------------------------------------------------------                    
JUAN                                                                            
JUAN                                                                            
JUAN                                                                            
JUAN                                                                            
JUAN                                                                            
JUAN                                                                            
JUAN                                                                            
JUAN                                                                            
JUAN                                                                            
JUAN                                                                            
JUAN                                                                            

P                                                                               
------------------------------------------------------------                    
JUAN                                                                            
JUAN                                                                            
JUAN                                                                            
JUAN                                                                            
JUAN                                                                            
JUAN                                                                            
JUAN                                                                            
JUAN                                                                            
JUAN                                                                            
JUAN                                                                            
JUAN                                                                            

P                                                                               
------------------------------------------------------------                    
JUAN                                                                            
JUAN                                                                            
JUAN                                                                            
JUAN                                                                            
JUAN                                                                            
JUAN                                                                            
JUAN                                                                            
JUAN                                                                            
JUAN                                                                            
JUAN                                                                            
JUAN                                                                            

P                                                                               
------------------------------------------------------------                    
JUAN                                                                            
JUAN                                                                            
JUAN                                                                            
JUAN                                                                            
JUAN                                                                            
JUAN                                                                            
JUAN                                                                            
JUAN                                                                            
JUAN                                                                            
JUAN                                                                            
JUAN                                                                            

P                                                                               
------------------------------------------------------------                    
JUAN                                                                            
JUAN                                                                            
JUAN                                                                            
JUAN                                                                            
JUAN                                                                            
JUAN                                                                            
JUAN                                                                            
JUAN                                                                            
JUAN                                                                            
JUAN                                                                            
JUAN                                                                            

P                                                                               
------------------------------------------------------------                    
JUAN                                                                            
JUAN                                                                            
JUAN                                                                            
JUAN                                                                            
JUAN                                                                            
JUAN                                                                            
JUAN                                                                            
JUAN                                                                            
JUAN                                                                            
JUAN                                                                            
JUAN                                                                            

P                                                                               
------------------------------------------------------------                    
JUAN                                                                            
JUAN                                                                            
JUAN                                                                            
JUAN                                                                            
JUAN                                                                            
JUAN                                                                            
JUAN                                                                            
JUAN                                                                            
JUAN                                                                            
JUAN                                                                            
JUAN                                                                            

P                                                                               
------------------------------------------------------------                    
JUAN                                                                            
JUAN                                                                            
JUAN                                                                            
JUAN                                                                            
JUAN                                                                            
JUAN                                                                            
JUAN                                                                            
JUAN                                                                            
JUAN                                                                            
JUAN                                                                            
JUAN                                                                            

P                                                                               
------------------------------------------------------------                    
JUAN                                                                            
JUAN                                                                            
JUAN                                                                            
JUAN                                                                            
JUAN                                                                            
JUAN                                                                            
JUAN                                                                            
JUAN                                                                            
JUAN                                                                            
JUAN                                                                            
JUAN                                                                            

P                                                                               
------------------------------------------------------------                    
JUAN                                                                            
JUAN                                                                            
JUAN                                                                            
JUAN                                                                            
JUAN                                                                            
JUAN                                                                            
JUAN                                                                            
JUAN                                                                            
JUAN                                                                            
JUAN                                                                            
JUAN                                                                            

P                                                                               
------------------------------------------------------------                    
JUAN                                                                            
JUAN                                                                            
JUAN                                                                            
JUAN                                                                            
JUAN                                                                            
JUAN                                                                            
JUAN                                                                            
JUAN                                                                            
JUAN                                                                            
JUAN                                                                            
JUAN                                                                            

P                                                                               
------------------------------------------------------------                    
JUAN                                                                            
JUAN                                                                            
JUAN                                                                            
JUAN                                                                            
JUAN                                                                            
JUAN                                                                            
JUAN                                                                            
JUAN                                                                            
JUAN                                                                            
JUAN                                                                            
JUAN                                                                            

P                                                                               
------------------------------------------------------------                    
JUAN                                                                            
JUAN                                                                            
JUAN                                                                            
JUAN                                                                            
JUAN                                                                            
JUAN                                                                            
JUAN                                                                            
JUAN                                                                            
JUAN                                                                            
JUAN                                                                            
JUAN                                                                            

P                                                                               
------------------------------------------------------------                    
JUAN                                                                            
JUAN                                                                            
JUAN                                                                            
JUAN                                                                            
JUAN                                                                            
JUAN                                                                            
JUAN                                                                            
JUAN                                                                            
JUAN                                                                            
JUAN                                                                            
JUAN                                                                            

P                                                                               
------------------------------------------------------------                    
JUAN                                                                            
JUAN                                                                            
JUAN                                                                            
JUAN                                                                            
JUAN                                                                            
JUAN                                                                            
JUAN                                                                            
JUAN                                                                            
JUAN                                                                            
JUAN                                                                            
JUAN                                                                            

P                                                                               
------------------------------------------------------------                    
JUAN                                                                            
JUAN                                                                            
JUAN                                                                            
JUAN                                                                            
JUAN                                                                            
JUAN                                                                            
JUAN                                                                            
JUAN                                                                            
JUAN                                                                            
JUAN                                                                            
JUAN                                                                            

P                                                                               
------------------------------------------------------------                    
JUAN                                                                            
JUAN                                                                            
JUAN                                                                            
JUAN                                                                            
JUAN                                                                            
JUAN                                                                            
JUAN                                                                            
JUAN                                                                            
JUAN                                                                            
JUAN                                                                            
JUAN                                                                            

P                                                                               
------------------------------------------------------------                    
JUAN                                                                            
JUAN                                                                            
JUAN                                                                            
JUAN                                                                            
JUAN                                                                            
JUAN                                                                            
JUAN                                                                            
JUAN                                                                            
JUAN                                                                            
JUAN                                                                            
JUAN                                                                            

P                                                                               
------------------------------------------------------------                    
JUAN                                                                            
JUAN                                                                            
JUAN                                                                            
JUAN                                                                            
JUAN                                                                            
JUAN                                                                            
JUAN                                                                            
JUAN                                                                            
JUAN                                                                            
JUAN                                                                            
JUAN                                                                            

P                                                                               
------------------------------------------------------------                    
JUAN                                                                            
JUAN                                                                            
JUAN                                                                            
JUAN                                                                            
JUAN                                                                            
JUAN                                                                            
JUAN                                                                            
JUAN                                                                            
JUAN                                                                            
JUAN                                                                            
JUAN                                                                            

P                                                                               
------------------------------------------------------------                    
JUAN                                                                            
JUAN                                                                            
JUAN                                                                            
JUAN                                                                            
JUAN                                                                            
JUAN                                                                            
JUAN                                                                            
JUAN                                                                            
CARLOS                                                                          
CARLOS                                                                          
CARLOS                                                                          

P                                                                               
------------------------------------------------------------                    
CARLOS                                                                          
CARLOS                                                                          
CARLOS                                                                          
CARLOS                                                                          
CARLOS                                                                          
CARLOS                                                                          
CARLOS                                                                          
CARLOS                                                                          
CARLOS                                                                          
CARLOS                                                                          
CARLOS                                                                          

P                                                                               
------------------------------------------------------------                    
CARLOS                                                                          
CARLOS                                                                          
CARLOS                                                                          
CARLOS                                                                          
CARLOS                                                                          
CARLOS                                                                          
CARLOS                                                                          
CARLOS                                                                          
CARLOS                                                                          
CARLOS                                                                          
CARLOS                                                                          

P                                                                               
------------------------------------------------------------                    
CARLOS                                                                          
CARLOS                                                                          
CARLOS                                                                          
CARLOS                                                                          
CARLOS                                                                          
CARLOS                                                                          
CARLOS                                                                          
CARLOS                                                                          
CARLOS                                                                          
CARLOS                                                                          
CARLOS                                                                          

P                                                                               
------------------------------------------------------------                    
CARLOS                                                                          
CARLOS                                                                          
CARLOS                                                                          
CARLOS                                                                          
CARLOS                                                                          
CARLOS                                                                          
CARLOS                                                                          
CARLOS                                                                          
CARLOS                                                                          
CARLOS                                                                          
CARLOS                                                                          

P                                                                               
------------------------------------------------------------                    
CARLOS                                                                          
CARLOS                                                                          
CARLOS                                                                          
CARLOS                                                                          
CARLOS                                                                          
CARLOS                                                                          
CARLOS                                                                          
CARLOS                                                                          
CARLOS                                                                          
CARLOS                                                                          
CARLOS                                                                          

P                                                                               
------------------------------------------------------------                    
CARLOS                                                                          
CARLOS                                                                          
CARLOS                                                                          
CARLOS                                                                          
CARLOS                                                                          
CARLOS                                                                          
CARLOS                                                                          
CARLOS                                                                          
CARLOS                                                                          
CARLOS                                                                          
CARLOS                                                                          

P                                                                               
------------------------------------------------------------                    
CARLOS                                                                          
CARLOS                                                                          
CARLOS                                                                          
CARLOS                                                                          
CARLOS                                                                          
CARLOS                                                                          
CARLOS                                                                          
CARLOS                                                                          
CARLOS                                                                          
CARLOS                                                                          
CARLOS                                                                          

P                                                                               
------------------------------------------------------------                    
CARLOS                                                                          
CARLOS                                                                          
CARLOS                                                                          
CARLOS                                                                          
CARLOS                                                                          
CARLOS                                                                          
CARLOS                                                                          
CARLOS                                                                          
CARLOS                                                                          
CARLOS                                                                          
CARLOS                                                                          

P                                                                               
------------------------------------------------------------                    
CARLOS                                                                          
CARLOS                                                                          
CARLOS                                                                          
CARLOS                                                                          
CARLOS                                                                          
CARLOS                                                                          
CARLOS                                                                          
CARLOS                                                                          
CARLOS                                                                          
CARLOS                                                                          
CARLOS                                                                          

P                                                                               
------------------------------------------------------------                    
CARLOS                                                                          
CARLOS                                                                          
CARLOS                                                                          
CARLOS                                                                          
CARLOS                                                                          
CARLOS                                                                          
CARLOS                                                                          
CARLOS                                                                          
CARLOS                                                                          
CARLOS                                                                          
CARLOS                                                                          

P                                                                               
------------------------------------------------------------                    
CARLOS                                                                          
CARLOS                                                                          
CARLOS                                                                          
CARLOS                                                                          
CARLOS                                                                          
CARLOS                                                                          
CARLOS                                                                          
CARLOS                                                                          
CARLOS                                                                          
CARLOS                                                                          
CARLOS                                                                          

P                                                                               
------------------------------------------------------------                    
CARLOS                                                                          
CARLOS                                                                          
CARLOS                                                                          
CARLOS                                                                          
CARLOS                                                                          
CARLOS                                                                          
CARLOS                                                                          
CARLOS                                                                          
CARLOS                                                                          
CARLOS                                                                          
CARLOS                                                                          

P                                                                               
------------------------------------------------------------                    
CARLOS                                                                          
CARLOS                                                                          
CARLOS                                                                          
CARLOS                                                                          
CARLOS                                                                          
CARLOS                                                                          
CARLOS                                                                          
CARLOS                                                                          
CARLOS                                                                          
CARLOS                                                                          
CARLOS                                                                          

P                                                                               
------------------------------------------------------------                    
CARLOS                                                                          
CARLOS                                                                          
CARLOS                                                                          
CARLOS                                                                          
CARLOS                                                                          
CARLOS                                                                          
CARLOS                                                                          
CARLOS                                                                          
CARLOS                                                                          
CARLOS                                                                          
CARLOS                                                                          

P                                                                               
------------------------------------------------------------                    
CARLOS                                                                          
CARLOS                                                                          
CARLOS                                                                          
CARLOS                                                                          
CARLOS                                                                          
CARLOS                                                                          
CARLOS                                                                          
CARLOS                                                                          
CARLOS                                                                          
CARLOS                                                                          
CARLOS                                                                          

P                                                                               
------------------------------------------------------------                    
CARLOS                                                                          
CARLOS                                                                          
CARLOS                                                                          
CARLOS                                                                          
CARLOS                                                                          
CARLOS                                                                          
CARLOS                                                                          
CARLOS                                                                          
CARLOS                                                                          
CARLOS                                                                          
CARLOS                                                                          

P                                                                               
------------------------------------------------------------                    
CARLOS                                                                          
CARLOS                                                                          
CARLOS                                                                          
CARLOS                                                                          
CARLOS                                                                          
CARLOS                                                                          
CARLOS                                                                          
CARLOS                                                                          
CARLOS                                                                          
CARLOS                                                                          
CARLOS                                                                          

P                                                                               
------------------------------------------------------------                    
CARLOS                                                                          
CARLOS                                                                          
CARLOS                                                                          
CARLOS                                                                          
CARLOS                                                                          
CARLOS                                                                          
CARLOS                                                                          
CARLOS                                                                          
CARLOS                                                                          
CARLOS                                                                          
CARLOS                                                                          

P                                                                               
------------------------------------------------------------                    
CARLOS                                                                          
CARLOS                                                                          
CARLOS                                                                          
CARLOS                                                                          
CARLOS                                                                          
CARLOS                                                                          
CARLOS                                                                          
CARLOS                                                                          
CARLOS                                                                          
CARLOS                                                                          
CARLOS                                                                          

P                                                                               
------------------------------------------------------------                    
CARLOS                                                                          
CARLOS                                                                          
CARLOS                                                                          
CARLOS                                                                          
CARLOS                                                                          
CARLOS                                                                          
CARLOS                                                                          
CARLOS                                                                          
CARLOS                                                                          
CARLOS                                                                          
CARLOS                                                                          

P                                                                               
------------------------------------------------------------                    
CARLOS                                                                          
CARLOS                                                                          
CARLOS                                                                          
CARLOS                                                                          
CARLOS                                                                          
PEDRO                                                                           
PEDRO                                                                           
PEDRO                                                                           
PEDRO                                                                           
PEDRO                                                                           
PEDRO                                                                           

P                                                                               
------------------------------------------------------------                    
PEDRO                                                                           
PEDRO                                                                           
PEDRO                                                                           
PEDRO                                                                           
PEDRO                                                                           
PEDRO                                                                           
PEDRO                                                                           
PEDRO                                                                           
PEDRO                                                                           
PEDRO                                                                           
PEDRO                                                                           

P                                                                               
------------------------------------------------------------                    
PEDRO                                                                           
PEDRO                                                                           
PEDRO                                                                           
PEDRO                                                                           
PEDRO                                                                           
PEDRO                                                                           
PEDRO                                                                           
PEDRO                                                                           
PEDRO                                                                           
PEDRO                                                                           
PEDRO                                                                           

P                                                                               
------------------------------------------------------------                    
PEDRO                                                                           
PEDRO                                                                           
PEDRO                                                                           
PEDRO                                                                           
PEDRO                                                                           
PEDRO                                                                           
PEDRO                                                                           
PEDRO                                                                           
PEDRO                                                                           
PEDRO                                                                           
PEDRO                                                                           

P                                                                               
------------------------------------------------------------                    
PEDRO                                                                           
PEDRO                                                                           
PEDRO                                                                           
PEDRO                                                                           
PEDRO                                                                           
PEDRO                                                                           
PEDRO                                                                           
PEDRO                                                                           
PEDRO                                                                           
PEDRO                                                                           
PEDRO                                                                           

P                                                                               
------------------------------------------------------------                    
PEDRO                                                                           
PEDRO                                                                           
PEDRO                                                                           
PEDRO                                                                           
PEDRO                                                                           
PEDRO                                                                           
PEDRO                                                                           
PEDRO                                                                           
PEDRO                                                                           
PEDRO                                                                           
PEDRO                                                                           

P                                                                               
------------------------------------------------------------                    
PEDRO                                                                           
PEDRO                                                                           
PEDRO                                                                           
PEDRO                                                                           
PEDRO                                                                           
PEDRO                                                                           
PEDRO                                                                           
PEDRO                                                                           
PEDRO                                                                           
PEDRO                                                                           
PEDRO                                                                           

P                                                                               
------------------------------------------------------------                    
PEDRO                                                                           
PEDRO                                                                           
PEDRO                                                                           
PEDRO                                                                           
PEDRO                                                                           
PEDRO                                                                           
PEDRO                                                                           
PEDRO                                                                           
PEDRO                                                                           
PEDRO                                                                           
PEDRO                                                                           

P                                                                               
------------------------------------------------------------                    
PEDRO                                                                           
PEDRO                                                                           
PEDRO                                                                           
PEDRO                                                                           
PEDRO                                                                           
PEDRO                                                                           
PEDRO                                                                           
PEDRO                                                                           
PEDRO                                                                           
PEDRO                                                                           
PEDRO                                                                           

P                                                                               
------------------------------------------------------------                    
PEDRO                                                                           
PEDRO                                                                           
PEDRO                                                                           
PEDRO                                                                           
PEDRO                                                                           
PEDRO                                                                           
PEDRO                                                                           
PEDRO                                                                           
PEDRO                                                                           
PEDRO                                                                           
PEDRO                                                                           

P                                                                               
------------------------------------------------------------                    
PEDRO                                                                           
PEDRO                                                                           
PEDRO                                                                           
PEDRO                                                                           
PEDRO                                                                           
PEDRO                                                                           
PEDRO                                                                           
PEDRO                                                                           
PEDRO                                                                           
PEDRO                                                                           
PEDRO                                                                           

P                                                                               
------------------------------------------------------------                    
PEDRO                                                                           
PEDRO                                                                           
PEDRO                                                                           
PEDRO                                                                           
PEDRO                                                                           
PEDRO                                                                           
PEDRO                                                                           
PEDRO                                                                           
PEDRO                                                                           
PEDRO                                                                           
PEDRO                                                                           

P                                                                               
------------------------------------------------------------                    
PEDRO                                                                           
PEDRO                                                                           
PEDRO                                                                           
PEDRO                                                                           
PEDRO                                                                           
PEDRO                                                                           
PEDRO                                                                           
PEDRO                                                                           
PEDRO                                                                           
PEDRO                                                                           
PEDRO                                                                           

P                                                                               
------------------------------------------------------------                    
PEDRO                                                                           
PEDRO                                                                           
PEDRO                                                                           
PEDRO                                                                           
PEDRO                                                                           
PEDRO                                                                           
PEDRO                                                                           
PEDRO                                                                           
PEDRO                                                                           
PEDRO                                                                           
PEDRO                                                                           

P                                                                               
------------------------------------------------------------                    
PEDRO                                                                           
PEDRO                                                                           
PEDRO                                                                           
PEDRO                                                                           
PEDRO                                                                           
PEDRO                                                                           
PEDRO                                                                           
PEDRO                                                                           
PEDRO                                                                           
PEDRO                                                                           
PEDRO                                                                           

P                                                                               
------------------------------------------------------------                    
PEDRO                                                                           
PEDRO                                                                           
PEDRO                                                                           
PEDRO                                                                           
PEDRO                                                                           
PEDRO                                                                           
PEDRO                                                                           
PEDRO                                                                           
PEDRO                                                                           
PEDRO                                                                           
PEDRO                                                                           

P                                                                               
------------------------------------------------------------                    
PEDRO                                                                           
PEDRO                                                                           
PEDRO                                                                           
PEDRO                                                                           
PEDRO                                                                           
PEDRO                                                                           
PEDRO                                                                           
PEDRO                                                                           
PEDRO                                                                           
PEDRO                                                                           
PEDRO                                                                           

P                                                                               
------------------------------------------------------------                    
PEDRO                                                                           
PEDRO                                                                           
PEDRO                                                                           
PEDRO                                                                           
PEDRO                                                                           
PEDRO                                                                           
PEDRO                                                                           
PEDRO                                                                           
PEDRO                                                                           
PEDRO                                                                           
PEDRO                                                                           

P                                                                               
------------------------------------------------------------                    
PEDRO                                                                           
PEDRO                                                                           
PEDRO                                                                           
PEDRO                                                                           
PEDRO                                                                           
PEDRO                                                                           
PEDRO                                                                           
PEDRO                                                                           
PEDRO                                                                           
PEDRO                                                                           
PEDRO                                                                           

P                                                                               
------------------------------------------------------------                    
PEDRO                                                                           
PEDRO                                                                           
PEDRO                                                                           
PEDRO                                                                           
PEDRO                                                                           
PEDRO                                                                           
PEDRO                                                                           
PEDRO                                                                           
PEDRO                                                                           
PEDRO                                                                           
PEDRO                                                                           

P                                                                               
------------------------------------------------------------                    
PEDRO                                                                           
PEDRO                                                                           
PEDRO                                                                           
PEDRO                                                                           
PEDRO                                                                           
PEDRO                                                                           
PEDRO                                                                           
PEDRO                                                                           
PEDRO                                                                           
PEDRO                                                                           
PEDRO                                                                           

P                                                                               
------------------------------------------------------------                    
PEDRO                                                                           
PEDRO                                                                           
MARIA                                                                           
MARIA                                                                           
MARIA                                                                           
MARIA                                                                           
MARIA                                                                           
MARIA                                                                           
MARIA                                                                           
MARIA                                                                           
MARIA                                                                           

P                                                                               
------------------------------------------------------------                    
MARIA                                                                           
MARIA                                                                           
MARIA                                                                           
MARIA                                                                           
MARIA                                                                           
MARIA                                                                           
MARIA                                                                           
MARIA                                                                           
MARIA                                                                           
MARIA                                                                           
MARIA                                                                           

P                                                                               
------------------------------------------------------------                    
MARIA                                                                           
MARIA                                                                           
MARIA                                                                           
MARIA                                                                           
MARIA                                                                           
MARIA                                                                           
MARIA                                                                           
MARIA                                                                           
MARIA                                                                           
MARIA                                                                           
MARIA                                                                           

P                                                                               
------------------------------------------------------------                    
MARIA                                                                           
MARIA                                                                           
MARIA                                                                           
MARIA                                                                           
MARIA                                                                           
MARIA                                                                           
MARIA                                                                           
MARIA                                                                           
MARIA                                                                           
MARIA                                                                           
MARIA                                                                           

P                                                                               
------------------------------------------------------------                    
MARIA                                                                           
MARIA                                                                           
MARIA                                                                           
MARIA                                                                           
MARIA                                                                           
MARIA                                                                           
MARIA                                                                           
MARIA                                                                           
MARIA                                                                           
MARIA                                                                           
MARIA                                                                           

P                                                                               
------------------------------------------------------------                    
MARIA                                                                           
MARIA                                                                           
MARIA                                                                           
MARIA                                                                           
MARIA                                                                           
MARIA                                                                           
MARIA                                                                           
MARIA                                                                           
MARIA                                                                           
MARIA                                                                           
MARIA                                                                           

P                                                                               
------------------------------------------------------------                    
MARIA                                                                           
MARIA                                                                           
MARIA                                                                           
MARIA                                                                           
MARIA                                                                           
MARIA                                                                           
MARIA                                                                           
MARIA                                                                           
MARIA                                                                           
MARIA                                                                           
MARIA                                                                           

P                                                                               
------------------------------------------------------------                    
MARIA                                                                           
MARIA                                                                           
MARIA                                                                           
MARIA                                                                           
MARIA                                                                           
MARIA                                                                           
MARIA                                                                           
MARIA                                                                           
MARIA                                                                           
MARIA                                                                           
MARIA                                                                           

P                                                                               
------------------------------------------------------------                    
MARIA                                                                           
MARIA                                                                           
MARIA                                                                           
MARIA                                                                           
MARIA                                                                           
MARIA                                                                           
MARIA                                                                           
MARIA                                                                           
MARIA                                                                           
MARIA                                                                           
MARIA                                                                           

P                                                                               
------------------------------------------------------------                    
MARIA                                                                           
MARIA                                                                           
MARIA                                                                           
MARIA                                                                           
MARIA                                                                           
MARIA                                                                           
MARIA                                                                           
MARIA                                                                           
MARIA                                                                           
MARIA                                                                           
MARIA                                                                           

P                                                                               
------------------------------------------------------------                    
MARIA                                                                           
MARIA                                                                           
MARIA                                                                           
MARIA                                                                           
MARIA                                                                           
MARIA                                                                           
MARIA                                                                           
MARIA                                                                           
MARIA                                                                           
MARIA                                                                           
MARIA                                                                           

P                                                                               
------------------------------------------------------------                    
MARIA                                                                           
MARIA                                                                           
MARIA                                                                           
MARIA                                                                           
MARIA                                                                           
MARIA                                                                           
MARIA                                                                           
MARIA                                                                           
MARIA                                                                           
MARIA                                                                           
MARIA                                                                           

P                                                                               
------------------------------------------------------------                    
MARIA                                                                           
MARIA                                                                           
MARIA                                                                           
MARIA                                                                           
MARIA                                                                           
MARIA                                                                           
MARIA                                                                           
MARIA                                                                           
MARIA                                                                           
MARIA                                                                           
MARIA                                                                           

P                                                                               
------------------------------------------------------------                    
MARIA                                                                           
MARIA                                                                           
MARIA                                                                           
MARIA                                                                           
MARIA                                                                           
MARIA                                                                           
MARIA                                                                           
MARIA                                                                           
MARIA                                                                           
MARIA                                                                           
MARIA                                                                           

P                                                                               
------------------------------------------------------------                    
MARIA                                                                           
MARIA                                                                           
MARIA                                                                           
MARIA                                                                           
MARIA                                                                           
MARIA                                                                           
MARIA                                                                           
MARIA                                                                           
MARIA                                                                           
MARIA                                                                           
MARIA                                                                           

P                                                                               
------------------------------------------------------------                    
MARIA                                                                           
MARIA                                                                           
MARIA                                                                           
MARIA                                                                           
MARIA                                                                           
MARIA                                                                           
MARIA                                                                           
MARIA                                                                           
MARIA                                                                           
MARIA                                                                           
MARIA                                                                           

P                                                                               
------------------------------------------------------------                    
MARIA                                                                           
MARIA                                                                           
MARIA                                                                           
MARIA                                                                           
MARIA                                                                           
MARIA                                                                           
MARIA                                                                           
MARIA                                                                           
MARIA                                                                           
MARIA                                                                           
MARIA                                                                           

P                                                                               
------------------------------------------------------------                    
MARIA                                                                           
MARIA                                                                           
MARIA                                                                           
MARIA                                                                           
MARIA                                                                           
MARIA                                                                           
MARIA                                                                           
MARIA                                                                           
MARIA                                                                           
MARIA                                                                           
MARIA                                                                           

P                                                                               
------------------------------------------------------------                    
MARIA                                                                           
MARIA                                                                           
MARIA                                                                           
MARIA                                                                           
MARIA                                                                           
MARIA                                                                           
MARIA                                                                           
MARIA                                                                           
MARIA                                                                           
MARIA                                                                           
MARIA                                                                           

P                                                                               
------------------------------------------------------------                    
MARIA                                                                           
MARIA                                                                           
MARIA                                                                           
MARIA                                                                           
MARIA                                                                           
MARIA                                                                           
MARIA                                                                           
MARIA                                                                           
MARIA                                                                           
MARIA                                                                           
MARIA                                                                           

P                                                                               
------------------------------------------------------------                    
MARIA                                                                           
MARIA                                                                           
MARIA                                                                           
MARIA                                                                           
MARIA                                                                           
MARIA                                                                           
MARIA                                                                           
MARIA                                                                           
MARIA                                                                           
MARIA                                                                           
IVAN                                                                            

P                                                                               
------------------------------------------------------------                    
IVAN                                                                            
IVAN                                                                            
IVAN                                                                            
IVAN                                                                            
IVAN                                                                            
IVAN                                                                            
IVAN                                                                            
IVAN                                                                            
IVAN                                                                            
IVAN                                                                            
IVAN                                                                            

P                                                                               
------------------------------------------------------------                    
IVAN                                                                            
IVAN                                                                            
IVAN                                                                            
IVAN                                                                            
IVAN                                                                            
IVAN                                                                            
IVAN                                                                            
IVAN                                                                            
IVAN                                                                            
IVAN                                                                            
IVAN                                                                            

P                                                                               
------------------------------------------------------------                    
IVAN                                                                            
IVAN                                                                            
IVAN                                                                            
IVAN                                                                            
IVAN                                                                            
IVAN                                                                            
IVAN                                                                            
IVAN                                                                            
IVAN                                                                            
IVAN                                                                            
IVAN                                                                            

P                                                                               
------------------------------------------------------------                    
IVAN                                                                            
IVAN                                                                            
IVAN                                                                            
IVAN                                                                            
IVAN                                                                            
IVAN                                                                            
IVAN                                                                            
IVAN                                                                            
IVAN                                                                            
IVAN                                                                            
IVAN                                                                            

P                                                                               
------------------------------------------------------------                    
IVAN                                                                            
IVAN                                                                            
IVAN                                                                            
IVAN                                                                            
IVAN                                                                            
IVAN                                                                            
IVAN                                                                            
IVAN                                                                            
IVAN                                                                            
IVAN                                                                            
IVAN                                                                            

P                                                                               
------------------------------------------------------------                    
IVAN                                                                            
IVAN                                                                            
IVAN                                                                            
IVAN                                                                            
IVAN                                                                            
IVAN                                                                            
IVAN                                                                            
IVAN                                                                            
IVAN                                                                            
IVAN                                                                            
IVAN                                                                            

P                                                                               
------------------------------------------------------------                    
IVAN                                                                            
IVAN                                                                            
IVAN                                                                            
IVAN                                                                            
IVAN                                                                            
IVAN                                                                            
IVAN                                                                            
IVAN                                                                            
IVAN                                                                            
IVAN                                                                            
IVAN                                                                            

P                                                                               
------------------------------------------------------------                    
IVAN                                                                            
IVAN                                                                            
IVAN                                                                            
IVAN                                                                            
IVAN                                                                            
IVAN                                                                            
IVAN                                                                            
IVAN                                                                            
IVAN                                                                            
IVAN                                                                            
IVAN                                                                            

P                                                                               
------------------------------------------------------------                    
IVAN                                                                            
IVAN                                                                            
IVAN                                                                            
IVAN                                                                            
IVAN                                                                            
IVAN                                                                            
IVAN                                                                            
IVAN                                                                            
IVAN                                                                            
IVAN                                                                            
IVAN                                                                            

P                                                                               
------------------------------------------------------------                    
IVAN                                                                            
IVAN                                                                            
IVAN                                                                            
IVAN                                                                            
IVAN                                                                            
IVAN                                                                            
IVAN                                                                            
IVAN                                                                            
IVAN                                                                            
IVAN                                                                            
IVAN                                                                            

P                                                                               
------------------------------------------------------------                    
IVAN                                                                            
IVAN                                                                            
IVAN                                                                            
IVAN                                                                            
IVAN                                                                            
IVAN                                                                            
IVAN                                                                            
IVAN                                                                            
IVAN                                                                            
IVAN                                                                            
IVAN                                                                            

P                                                                               
------------------------------------------------------------                    
IVAN                                                                            
IVAN                                                                            
IVAN                                                                            
IVAN                                                                            
IVAN                                                                            
IVAN                                                                            
IVAN                                                                            
IVAN                                                                            
IVAN                                                                            
IVAN                                                                            
IVAN                                                                            

P                                                                               
------------------------------------------------------------                    
IVAN                                                                            
IVAN                                                                            
IVAN                                                                            
IVAN                                                                            
IVAN                                                                            
IVAN                                                                            
IVAN                                                                            
IVAN                                                                            
IVAN                                                                            
IVAN                                                                            
IVAN                                                                            

P                                                                               
------------------------------------------------------------                    
IVAN                                                                            
IVAN                                                                            
IVAN                                                                            
IVAN                                                                            
IVAN                                                                            
IVAN                                                                            
IVAN                                                                            
IVAN                                                                            
IVAN                                                                            
IVAN                                                                            
IVAN                                                                            

P                                                                               
------------------------------------------------------------                    
IVAN                                                                            
IVAN                                                                            
IVAN                                                                            
IVAN                                                                            
IVAN                                                                            
IVAN                                                                            
IVAN                                                                            
IVAN                                                                            
IVAN                                                                            
IVAN                                                                            
IVAN                                                                            

P                                                                               
------------------------------------------------------------                    
IVAN                                                                            
IVAN                                                                            
IVAN                                                                            
IVAN                                                                            
IVAN                                                                            
IVAN                                                                            
IVAN                                                                            
IVAN                                                                            
IVAN                                                                            
IVAN                                                                            
IVAN                                                                            

P                                                                               
------------------------------------------------------------                    
IVAN                                                                            
IVAN                                                                            
IVAN                                                                            
IVAN                                                                            
IVAN                                                                            
IVAN                                                                            
IVAN                                                                            
IVAN                                                                            
IVAN                                                                            
IVAN                                                                            
IVAN                                                                            

P                                                                               
------------------------------------------------------------                    
IVAN                                                                            
IVAN                                                                            
IVAN                                                                            
IVAN                                                                            
IVAN                                                                            
IVAN                                                                            
IVAN                                                                            
IVAN                                                                            
IVAN                                                                            
IVAN                                                                            
IVAN                                                                            

P                                                                               
------------------------------------------------------------                    
IVAN                                                                            
IVAN                                                                            
IVAN                                                                            
IVAN                                                                            
IVAN                                                                            
IVAN                                                                            
IVAN                                                                            
IVAN                                                                            
IVAN                                                                            
IVAN                                                                            
IVAN                                                                            

P                                                                               
------------------------------------------------------------                    
IVAN                                                                            
IVAN                                                                            
IVAN                                                                            
IVAN                                                                            
IVAN                                                                            
IVAN                                                                            
IVAN                                                                            
IVAN                                                                            
IVAN                                                                            
IVAN                                                                            
IVAN                                                                            

P                                                                               
------------------------------------------------------------                    
IVAN                                                                            
IVAN                                                                            
IVAN                                                                            
IVAN                                                                            
IVAN                                                                            
IVAN                                                                            
IVAN                                                                            
CARMEN                                                                          
CARMEN                                                                          
CARMEN                                                                          
CARMEN                                                                          

P                                                                               
------------------------------------------------------------                    
CARMEN                                                                          
CARMEN                                                                          
CARMEN                                                                          
CARMEN                                                                          
CARMEN                                                                          
CARMEN                                                                          
CARMEN                                                                          
CARMEN                                                                          
CARMEN                                                                          
CARMEN                                                                          
CARMEN                                                                          

P                                                                               
------------------------------------------------------------                    
CARMEN                                                                          
CARMEN                                                                          
CARMEN                                                                          
CARMEN                                                                          
CARMEN                                                                          
CARMEN                                                                          
CARMEN                                                                          
CARMEN                                                                          
CARMEN                                                                          
CARMEN                                                                          
CARMEN                                                                          

P                                                                               
------------------------------------------------------------                    
CARMEN                                                                          
CARMEN                                                                          
CARMEN                                                                          
CARMEN                                                                          
CARMEN                                                                          
CARMEN                                                                          
CARMEN                                                                          
CARMEN                                                                          
CARMEN                                                                          
CARMEN                                                                          
CARMEN                                                                          

P                                                                               
------------------------------------------------------------                    
CARMEN                                                                          
CARMEN                                                                          
CARMEN                                                                          
CARMEN                                                                          
CARMEN                                                                          
CARMEN                                                                          
CARMEN                                                                          
CARMEN                                                                          
CARMEN                                                                          
CARMEN                                                                          
CARMEN                                                                          

P                                                                               
------------------------------------------------------------                    
CARMEN                                                                          
CARMEN                                                                          
CARMEN                                                                          
CARMEN                                                                          
CARMEN                                                                          
CARMEN                                                                          
CARMEN                                                                          
CARMEN                                                                          
CARMEN                                                                          
CARMEN                                                                          
CARMEN                                                                          

P                                                                               
------------------------------------------------------------                    
CARMEN                                                                          
CARMEN                                                                          
CARMEN                                                                          
CARMEN                                                                          
CARMEN                                                                          
CARMEN                                                                          
CARMEN                                                                          
CARMEN                                                                          
CARMEN                                                                          
CARMEN                                                                          
CARMEN                                                                          

P                                                                               
------------------------------------------------------------                    
CARMEN                                                                          
CARMEN                                                                          
CARMEN                                                                          
CARMEN                                                                          
CARMEN                                                                          
CARMEN                                                                          
CARMEN                                                                          
CARMEN                                                                          
CARMEN                                                                          
CARMEN                                                                          
CARMEN                                                                          

P                                                                               
------------------------------------------------------------                    
CARMEN                                                                          
CARMEN                                                                          
CARMEN                                                                          
CARMEN                                                                          
CARMEN                                                                          
CARMEN                                                                          
CARMEN                                                                          
CARMEN                                                                          
CARMEN                                                                          
CARMEN                                                                          
CARMEN                                                                          

P                                                                               
------------------------------------------------------------                    
CARMEN                                                                          
CARMEN                                                                          
CARMEN                                                                          
CARMEN                                                                          
CARMEN                                                                          
CARMEN                                                                          
CARMEN                                                                          
CARMEN                                                                          
CARMEN                                                                          
CARMEN                                                                          
CARMEN                                                                          

P                                                                               
------------------------------------------------------------                    
CARMEN                                                                          
CARMEN                                                                          
CARMEN                                                                          
CARMEN                                                                          
CARMEN                                                                          
CARMEN                                                                          
CARMEN                                                                          
CARMEN                                                                          
CARMEN                                                                          
CARMEN                                                                          
CARMEN                                                                          

P                                                                               
------------------------------------------------------------                    
CARMEN                                                                          
CARMEN                                                                          
CARMEN                                                                          
CARMEN                                                                          
CARMEN                                                                          
CARMEN                                                                          
CARMEN                                                                          
CARMEN                                                                          
CARMEN                                                                          
CARMEN                                                                          
CARMEN                                                                          

P                                                                               
------------------------------------------------------------                    
CARMEN                                                                          
CARMEN                                                                          
CARMEN                                                                          
CARMEN                                                                          
CARMEN                                                                          
CARMEN                                                                          
CARMEN                                                                          
CARMEN                                                                          
CARMEN                                                                          
CARMEN                                                                          
CARMEN                                                                          

P                                                                               
------------------------------------------------------------                    
CARMEN                                                                          
CARMEN                                                                          
CARMEN                                                                          
CARMEN                                                                          
CARMEN                                                                          
CARMEN                                                                          
CARMEN                                                                          
CARMEN                                                                          
CARMEN                                                                          
CARMEN                                                                          
CARMEN                                                                          

P                                                                               
------------------------------------------------------------                    
CARMEN                                                                          
CARMEN                                                                          
CARMEN                                                                          
CARMEN                                                                          
CARMEN                                                                          
CARMEN                                                                          
CARMEN                                                                          
CARMEN                                                                          
CARMEN                                                                          
CARMEN                                                                          
CARMEN                                                                          

P                                                                               
------------------------------------------------------------                    
CARMEN                                                                          
CARMEN                                                                          
CARMEN                                                                          
CARMEN                                                                          
CARMEN                                                                          
CARMEN                                                                          
CARMEN                                                                          
CARMEN                                                                          
CARMEN                                                                          
CARMEN                                                                          
CARMEN                                                                          

P                                                                               
------------------------------------------------------------                    
CARMEN                                                                          
CARMEN                                                                          
CARMEN                                                                          
CARMEN                                                                          
CARMEN                                                                          
CARMEN                                                                          
CARMEN                                                                          
CARMEN                                                                          
CARMEN                                                                          
CARMEN                                                                          
CARMEN                                                                          

P                                                                               
------------------------------------------------------------                    
CARMEN                                                                          
CARMEN                                                                          
CARMEN                                                                          
CARMEN                                                                          
CARMEN                                                                          
CARMEN                                                                          
CARMEN                                                                          
CARMEN                                                                          
CARMEN                                                                          
CARMEN                                                                          
CARMEN                                                                          

P                                                                               
------------------------------------------------------------                    
CARMEN                                                                          
CARMEN                                                                          
CARMEN                                                                          
CARMEN                                                                          
CARMEN                                                                          
CARMEN                                                                          
CARMEN                                                                          
CARMEN                                                                          
CARMEN                                                                          
CARMEN                                                                          
CARMEN                                                                          

P                                                                               
------------------------------------------------------------                    
CARMEN                                                                          
CARMEN                                                                          
CARMEN                                                                          
CARMEN                                                                          
CARMEN                                                                          
CARMEN                                                                          
CARMEN                                                                          
CARMEN                                                                          
CARMEN                                                                          
CARMEN                                                                          
CARMEN                                                                          

P                                                                               
------------------------------------------------------------                    
CARMEN                                                                          
CARMEN                                                                          
CARMEN                                                                          
CARMEN                                                                          
CARMEN                                                                          
CARMEN                                                                          
CARMEN                                                                          
CARMEN                                                                          
CARMEN                                                                          
CARMEN                                                                          
CARMEN                                                                          

P                                                                               
------------------------------------------------------------                    
CARMEN                                                                          
CARMEN                                                                          
CARMEN                                                                          
CARMEN                                                                          
MARIO                                                                           
MARIO                                                                           
MARIO                                                                           
MARIO                                                                           
MARIO                                                                           
MARIO                                                                           
MARIO                                                                           

P                                                                               
------------------------------------------------------------                    
MARIO                                                                           
MARIO                                                                           
MARIO                                                                           
MARIO                                                                           
MARIO                                                                           
MARIO                                                                           
MARIO                                                                           
MARIO                                                                           
MARIO                                                                           
MARIO                                                                           
MARIO                                                                           

P                                                                               
------------------------------------------------------------                    
MARIO                                                                           
MARIO                                                                           
MARIO                                                                           
MARIO                                                                           
MARIO                                                                           
MARIO                                                                           
MARIO                                                                           
MARIO                                                                           
MARIO                                                                           
MARIO                                                                           
MARIO                                                                           

P                                                                               
------------------------------------------------------------                    
MARIO                                                                           
MARIO                                                                           
MARIO                                                                           
MARIO                                                                           
MARIO                                                                           
MARIO                                                                           
MARIO                                                                           
MARIO                                                                           
MARIO                                                                           
MARIO                                                                           
MARIO                                                                           

P                                                                               
------------------------------------------------------------                    
MARIO                                                                           
MARIO                                                                           
MARIO                                                                           
MARIO                                                                           
MARIO                                                                           
MARIO                                                                           
MARIO                                                                           
MARIO                                                                           
MARIO                                                                           
MARIO                                                                           
MARIO                                                                           

P                                                                               
------------------------------------------------------------                    
MARIO                                                                           
MARIO                                                                           
MARIO                                                                           
MARIO                                                                           
MARIO                                                                           
MARIO                                                                           
MARIO                                                                           
MARIO                                                                           
MARIO                                                                           
MARIO                                                                           
MARIO                                                                           

P                                                                               
------------------------------------------------------------                    
MARIO                                                                           
MARIO                                                                           
MARIO                                                                           
MARIO                                                                           
MARIO                                                                           
MARIO                                                                           
MARIO                                                                           
MARIO                                                                           
MARIO                                                                           
MARIO                                                                           
MARIO                                                                           

P                                                                               
------------------------------------------------------------                    
MARIO                                                                           
MARIO                                                                           
MARIO                                                                           
MARIO                                                                           
MARIO                                                                           
MARIO                                                                           
MARIO                                                                           
MARIO                                                                           
MARIO                                                                           
MARIO                                                                           
MARIO                                                                           

P                                                                               
------------------------------------------------------------                    
MARIO                                                                           
MARIO                                                                           
MARIO                                                                           
MARIO                                                                           
MARIO                                                                           
MARIO                                                                           
MARIO                                                                           
MARIO                                                                           
MARIO                                                                           
MARIO                                                                           
MARIO                                                                           

P                                                                               
------------------------------------------------------------                    
MARIO                                                                           
MARIO                                                                           
MARIO                                                                           
MARIO                                                                           
MARIO                                                                           
MARIO                                                                           
MARIO                                                                           
MARIO                                                                           
MARIO                                                                           
MARIO                                                                           
MARIO                                                                           

P                                                                               
------------------------------------------------------------                    
MARIO                                                                           
MARIO                                                                           
MARIO                                                                           
MARIO                                                                           
MARIO                                                                           
MARIO                                                                           
MARIO                                                                           
MARIO                                                                           
MARIO                                                                           
MARIO                                                                           
MARIO                                                                           

P                                                                               
------------------------------------------------------------                    
MARIO                                                                           
MARIO                                                                           
MARIO                                                                           
MARIO                                                                           
MARIO                                                                           
MARIO                                                                           
MARIO                                                                           
MARIO                                                                           
MARIO                                                                           
MARIO                                                                           
MARIO                                                                           

P                                                                               
------------------------------------------------------------                    
MARIO                                                                           
MARIO                                                                           
MARIO                                                                           
MARIO                                                                           
MARIO                                                                           
MARIO                                                                           
MARIO                                                                           
MARIO                                                                           
MARIO                                                                           
MARIO                                                                           
MARIO                                                                           

P                                                                               
------------------------------------------------------------                    
MARIO                                                                           
MARIO                                                                           
MARIO                                                                           
MARIO                                                                           
MARIO                                                                           
MARIO                                                                           
MARIO                                                                           
MARIO                                                                           
MARIO                                                                           
MARIO                                                                           
MARIO                                                                           

P                                                                               
------------------------------------------------------------                    
MARIO                                                                           
MARIO                                                                           
MARIO                                                                           
MARIO                                                                           
MARIO                                                                           
MARIO                                                                           
MARIO                                                                           
MARIO                                                                           
MARIO                                                                           
MARIO                                                                           
MARIO                                                                           

P                                                                               
------------------------------------------------------------                    
MARIO                                                                           
MARIO                                                                           
MARIO                                                                           
MARIO                                                                           
MARIO                                                                           
MARIO                                                                           
MARIO                                                                           
MARIO                                                                           
MARIO                                                                           
MARIO                                                                           
MARIO                                                                           

P                                                                               
------------------------------------------------------------                    
MARIO                                                                           
MARIO                                                                           
MARIO                                                                           
MARIO                                                                           
MARIO                                                                           
MARIO                                                                           
MARIO                                                                           
MARIO                                                                           
MARIO                                                                           
MARIO                                                                           
MARIO                                                                           

P                                                                               
------------------------------------------------------------                    
MARIO                                                                           
MARIO                                                                           
MARIO                                                                           
MARIO                                                                           
MARIO                                                                           
MARIO                                                                           
MARIO                                                                           
MARIO                                                                           
MARIO                                                                           
MARIO                                                                           
MARIO                                                                           

P                                                                               
------------------------------------------------------------                    
MARIO                                                                           
MARIO                                                                           
MARIO                                                                           
MARIO                                                                           
MARIO                                                                           
MARIO                                                                           
MARIO                                                                           
MARIO                                                                           
MARIO                                                                           
MARIO                                                                           
MARIO                                                                           

P                                                                               
------------------------------------------------------------                    
MARIO                                                                           
MARIO                                                                           
MARIO                                                                           
MARIO                                                                           
MARIO                                                                           
MARIO                                                                           
MARIO                                                                           
MARIO                                                                           
MARIO                                                                           
MARIO                                                                           
MARIO                                                                           

P                                                                               
------------------------------------------------------------                    
MARIO                                                                           
MARIO                                                                           
MARIO                                                                           
MARIO                                                                           
MARIO                                                                           
MARIO                                                                           
MARIO                                                                           
MARIO                                                                           
MARIO                                                                           
MARIO                                                                           
MARIO                                                                           

P                                                                               
------------------------------------------------------------                    
MARIO                                                                           
FRANCISCO                                                                       
FRANCISCO                                                                       
FRANCISCO                                                                       
FRANCISCO                                                                       
FRANCISCO                                                                       
FRANCISCO                                                                       
FRANCISCO                                                                       
FRANCISCO                                                                       
FRANCISCO                                                                       
FRANCISCO                                                                       

P                                                                               
------------------------------------------------------------                    
FRANCISCO                                                                       
FRANCISCO                                                                       
FRANCISCO                                                                       
FRANCISCO                                                                       
FRANCISCO                                                                       
FRANCISCO                                                                       
FRANCISCO                                                                       
FRANCISCO                                                                       
FRANCISCO                                                                       
FRANCISCO                                                                       
FRANCISCO                                                                       

P                                                                               
------------------------------------------------------------                    
FRANCISCO                                                                       
FRANCISCO                                                                       
FRANCISCO                                                                       
FRANCISCO                                                                       
FRANCISCO                                                                       
FRANCISCO                                                                       
FRANCISCO                                                                       
FRANCISCO                                                                       
FRANCISCO                                                                       
FRANCISCO                                                                       
FRANCISCO                                                                       

P                                                                               
------------------------------------------------------------                    
FRANCISCO                                                                       
FRANCISCO                                                                       
FRANCISCO                                                                       
FRANCISCO                                                                       
FRANCISCO                                                                       
FRANCISCO                                                                       
FRANCISCO                                                                       
FRANCISCO                                                                       
FRANCISCO                                                                       
FRANCISCO                                                                       
FRANCISCO                                                                       

P                                                                               
------------------------------------------------------------                    
FRANCISCO                                                                       
FRANCISCO                                                                       
FRANCISCO                                                                       
FRANCISCO                                                                       
FRANCISCO                                                                       
FRANCISCO                                                                       
FRANCISCO                                                                       
FRANCISCO                                                                       
FRANCISCO                                                                       
FRANCISCO                                                                       
FRANCISCO                                                                       

P                                                                               
------------------------------------------------------------                    
FRANCISCO                                                                       
FRANCISCO                                                                       
FRANCISCO                                                                       
FRANCISCO                                                                       
FRANCISCO                                                                       
FRANCISCO                                                                       
FRANCISCO                                                                       
FRANCISCO                                                                       
FRANCISCO                                                                       
FRANCISCO                                                                       
FRANCISCO                                                                       

P                                                                               
------------------------------------------------------------                    
FRANCISCO                                                                       
FRANCISCO                                                                       
FRANCISCO                                                                       
FRANCISCO                                                                       
FRANCISCO                                                                       
FRANCISCO                                                                       
FRANCISCO                                                                       
FRANCISCO                                                                       
FRANCISCO                                                                       
FRANCISCO                                                                       
FRANCISCO                                                                       

P                                                                               
------------------------------------------------------------                    
FRANCISCO                                                                       
FRANCISCO                                                                       
FRANCISCO                                                                       
FRANCISCO                                                                       
FRANCISCO                                                                       
FRANCISCO                                                                       
FRANCISCO                                                                       
FRANCISCO                                                                       
FRANCISCO                                                                       
FRANCISCO                                                                       
FRANCISCO                                                                       

P                                                                               
------------------------------------------------------------                    
FRANCISCO                                                                       
FRANCISCO                                                                       
FRANCISCO                                                                       
FRANCISCO                                                                       
FRANCISCO                                                                       
FRANCISCO                                                                       
FRANCISCO                                                                       
FRANCISCO                                                                       
FRANCISCO                                                                       
FRANCISCO                                                                       
FRANCISCO                                                                       

P                                                                               
------------------------------------------------------------                    
FRANCISCO                                                                       
FRANCISCO                                                                       
FRANCISCO                                                                       
FRANCISCO                                                                       
FRANCISCO                                                                       
FRANCISCO                                                                       
FRANCISCO                                                                       
FRANCISCO                                                                       
FRANCISCO                                                                       
FRANCISCO                                                                       
FRANCISCO                                                                       

P                                                                               
------------------------------------------------------------                    
FRANCISCO                                                                       
FRANCISCO                                                                       
FRANCISCO                                                                       
FRANCISCO                                                                       
FRANCISCO                                                                       
FRANCISCO                                                                       
FRANCISCO                                                                       
FRANCISCO                                                                       
FRANCISCO                                                                       
FRANCISCO                                                                       
FRANCISCO                                                                       

P                                                                               
------------------------------------------------------------                    
FRANCISCO                                                                       
FRANCISCO                                                                       
FRANCISCO                                                                       
FRANCISCO                                                                       
FRANCISCO                                                                       
FRANCISCO                                                                       
FRANCISCO                                                                       
FRANCISCO                                                                       
FRANCISCO                                                                       
FRANCISCO                                                                       
FRANCISCO                                                                       

P                                                                               
------------------------------------------------------------                    
FRANCISCO                                                                       
FRANCISCO                                                                       
FRANCISCO                                                                       
FRANCISCO                                                                       
FRANCISCO                                                                       
FRANCISCO                                                                       
FRANCISCO                                                                       
FRANCISCO                                                                       
FRANCISCO                                                                       
FRANCISCO                                                                       
FRANCISCO                                                                       

P                                                                               
------------------------------------------------------------                    
FRANCISCO                                                                       
FRANCISCO                                                                       
FRANCISCO                                                                       
FRANCISCO                                                                       
FRANCISCO                                                                       
FRANCISCO                                                                       
FRANCISCO                                                                       
FRANCISCO                                                                       
FRANCISCO                                                                       
FRANCISCO                                                                       
FRANCISCO                                                                       

P                                                                               
------------------------------------------------------------                    
FRANCISCO                                                                       
FRANCISCO                                                                       
FRANCISCO                                                                       
FRANCISCO                                                                       
FRANCISCO                                                                       
FRANCISCO                                                                       
FRANCISCO                                                                       
FRANCISCO                                                                       
FRANCISCO                                                                       
FRANCISCO                                                                       
FRANCISCO                                                                       

P                                                                               
------------------------------------------------------------                    
FRANCISCO                                                                       
FRANCISCO                                                                       
FRANCISCO                                                                       
FRANCISCO                                                                       
FRANCISCO                                                                       
FRANCISCO                                                                       
FRANCISCO                                                                       
FRANCISCO                                                                       
FRANCISCO                                                                       
FRANCISCO                                                                       
FRANCISCO                                                                       

P                                                                               
------------------------------------------------------------                    
FRANCISCO                                                                       
FRANCISCO                                                                       
FRANCISCO                                                                       
FRANCISCO                                                                       
FRANCISCO                                                                       
FRANCISCO                                                                       
FRANCISCO                                                                       
FRANCISCO                                                                       
FRANCISCO                                                                       
FRANCISCO                                                                       
FRANCISCO                                                                       

P                                                                               
------------------------------------------------------------                    
FRANCISCO                                                                       
FRANCISCO                                                                       
FRANCISCO                                                                       
FRANCISCO                                                                       
FRANCISCO                                                                       
FRANCISCO                                                                       
FRANCISCO                                                                       
FRANCISCO                                                                       
FRANCISCO                                                                       
FRANCISCO                                                                       
FRANCISCO                                                                       

P                                                                               
------------------------------------------------------------                    
FRANCISCO                                                                       
FRANCISCO                                                                       
FRANCISCO                                                                       
FRANCISCO                                                                       
FRANCISCO                                                                       
FRANCISCO                                                                       
FRANCISCO                                                                       
FRANCISCO                                                                       
FRANCISCO                                                                       
FRANCISCO                                                                       
FRANCISCO                                                                       

P                                                                               
------------------------------------------------------------                    
FRANCISCO                                                                       
FRANCISCO                                                                       
FRANCISCO                                                                       
FRANCISCO                                                                       
FRANCISCO                                                                       
FRANCISCO                                                                       
FRANCISCO                                                                       
FRANCISCO                                                                       
FRANCISCO                                                                       
FRANCISCO                                                                       
FRANCISCO                                                                       

P                                                                               
------------------------------------------------------------                    
FRANCISCO                                                                       
FRANCISCO                                                                       
FRANCISCO                                                                       
FRANCISCO                                                                       
FRANCISCO                                                                       
FRANCISCO                                                                       
FRANCISCO                                                                       
FRANCISCO                                                                       
FRANCISCO                                                                       
ANGELA                                                                          
ANGELA                                                                          

P                                                                               
------------------------------------------------------------                    
ANGELA                                                                          
ANGELA                                                                          
ANGELA                                                                          
ANGELA                                                                          
ANGELA                                                                          
ANGELA                                                                          
ANGELA                                                                          
ANGELA                                                                          
ANGELA                                                                          
ANGELA                                                                          
ANGELA                                                                          

P                                                                               
------------------------------------------------------------                    
ANGELA                                                                          
ANGELA                                                                          
ANGELA                                                                          
ANGELA                                                                          
ANGELA                                                                          
ANGELA                                                                          
ANGELA                                                                          
ANGELA                                                                          
ANGELA                                                                          
ANGELA                                                                          
ANGELA                                                                          

P                                                                               
------------------------------------------------------------                    
ANGELA                                                                          
ANGELA                                                                          
ANGELA                                                                          
ANGELA                                                                          
ANGELA                                                                          
ANGELA                                                                          
ANGELA                                                                          
ANGELA                                                                          
ANGELA                                                                          
ANGELA                                                                          
ANGELA                                                                          

P                                                                               
------------------------------------------------------------                    
ANGELA                                                                          
ANGELA                                                                          
ANGELA                                                                          
ANGELA                                                                          
ANGELA                                                                          
ANGELA                                                                          
ANGELA                                                                          
ANGELA                                                                          
ANGELA                                                                          
ANGELA                                                                          
ANGELA                                                                          

P                                                                               
------------------------------------------------------------                    
ANGELA                                                                          
ANGELA                                                                          
ANGELA                                                                          
ANGELA                                                                          
ANGELA                                                                          
ANGELA                                                                          
ANGELA                                                                          
ANGELA                                                                          
ANGELA                                                                          
ANGELA                                                                          
ANGELA                                                                          

P                                                                               
------------------------------------------------------------                    
ANGELA                                                                          
ANGELA                                                                          
ANGELA                                                                          
ANGELA                                                                          
ANGELA                                                                          
ANGELA                                                                          
ANGELA                                                                          
ANGELA                                                                          
ANGELA                                                                          
ANGELA                                                                          
ANGELA                                                                          

P                                                                               
------------------------------------------------------------                    
ANGELA                                                                          
ANGELA                                                                          
ANGELA                                                                          
ANGELA                                                                          
ANGELA                                                                          
ANGELA                                                                          
ANGELA                                                                          
ANGELA                                                                          
ANGELA                                                                          
ANGELA                                                                          
ANGELA                                                                          

P                                                                               
------------------------------------------------------------                    
ANGELA                                                                          
ANGELA                                                                          
ANGELA                                                                          
ANGELA                                                                          
ANGELA                                                                          
ANGELA                                                                          
ANGELA                                                                          
ANGELA                                                                          
ANGELA                                                                          
ANGELA                                                                          
ANGELA                                                                          

P                                                                               
------------------------------------------------------------                    
ANGELA                                                                          
ANGELA                                                                          
ANGELA                                                                          
ANGELA                                                                          
ANGELA                                                                          
ANGELA                                                                          
ANGELA                                                                          
ANGELA                                                                          
ANGELA                                                                          
ANGELA                                                                          
ANGELA                                                                          

P                                                                               
------------------------------------------------------------                    
ANGELA                                                                          
ANGELA                                                                          
ANGELA                                                                          
ANGELA                                                                          
ANGELA                                                                          
ANGELA                                                                          
ANGELA                                                                          
ANGELA                                                                          
ANGELA                                                                          
ANGELA                                                                          
ANGELA                                                                          

P                                                                               
------------------------------------------------------------                    
ANGELA                                                                          
ANGELA                                                                          
ANGELA                                                                          
ANGELA                                                                          
ANGELA                                                                          
ANGELA                                                                          
ANGELA                                                                          
ANGELA                                                                          
ANGELA                                                                          
ANGELA                                                                          
ANGELA                                                                          

P                                                                               
------------------------------------------------------------                    
ANGELA                                                                          
ANGELA                                                                          
ANGELA                                                                          
ANGELA                                                                          
ANGELA                                                                          
ANGELA                                                                          
ANGELA                                                                          
ANGELA                                                                          
ANGELA                                                                          
ANGELA                                                                          
ANGELA                                                                          

P                                                                               
------------------------------------------------------------                    
ANGELA                                                                          
ANGELA                                                                          
ANGELA                                                                          
ANGELA                                                                          
ANGELA                                                                          
ANGELA                                                                          
ANGELA                                                                          
ANGELA                                                                          
ANGELA                                                                          
ANGELA                                                                          
ANGELA                                                                          

P                                                                               
------------------------------------------------------------                    
ANGELA                                                                          
ANGELA                                                                          
ANGELA                                                                          
ANGELA                                                                          
ANGELA                                                                          
ANGELA                                                                          
ANGELA                                                                          
ANGELA                                                                          
ANGELA                                                                          
ANGELA                                                                          
ANGELA                                                                          

P                                                                               
------------------------------------------------------------                    
ANGELA                                                                          
ANGELA                                                                          
ANGELA                                                                          
ANGELA                                                                          
ANGELA                                                                          
ANGELA                                                                          
ANGELA                                                                          
ANGELA                                                                          
ANGELA                                                                          
ANGELA                                                                          
ANGELA                                                                          

P                                                                               
------------------------------------------------------------                    
ANGELA                                                                          
ANGELA                                                                          
ANGELA                                                                          
ANGELA                                                                          
ANGELA                                                                          
ANGELA                                                                          
ANGELA                                                                          
ANGELA                                                                          
ANGELA                                                                          
ANGELA                                                                          
ANGELA                                                                          

P                                                                               
------------------------------------------------------------                    
ANGELA                                                                          
ANGELA                                                                          
ANGELA                                                                          
ANGELA                                                                          
ANGELA                                                                          
ANGELA                                                                          
ANGELA                                                                          
ANGELA                                                                          
ANGELA                                                                          
ANGELA                                                                          
ANGELA                                                                          

P                                                                               
------------------------------------------------------------                    
ANGELA                                                                          
ANGELA                                                                          
ANGELA                                                                          
ANGELA                                                                          
ANGELA                                                                          
ANGELA                                                                          
ANGELA                                                                          
ANGELA                                                                          
ANGELA                                                                          
ANGELA                                                                          
ANGELA                                                                          

P                                                                               
------------------------------------------------------------                    
ANGELA                                                                          
ANGELA                                                                          
ANGELA                                                                          
ANGELA                                                                          
ANGELA                                                                          
ANGELA                                                                          
ANGELA                                                                          
ANGELA                                                                          
ANGELA                                                                          
ANGELA                                                                          
ANGELA                                                                          

P                                                                               
------------------------------------------------------------                    
ANGELA                                                                          
ANGELA                                                                          
ANGELA                                                                          
ANGELA                                                                          
ANGELA                                                                          
ANGELA                                                                          
ANGELA                                                                          
ANGELA                                                                          
ANGELA                                                                          
ANGELA                                                                          
ANGELA                                                                          

P                                                                               
------------------------------------------------------------                    
ANGELA                                                                          
ANGELA                                                                          
ANGELA                                                                          
ANGELA                                                                          
ANGELA                                                                          
ANGELA                                                                          
DAVID                                                                           
DAVID                                                                           
DAVID                                                                           
DAVID                                                                           
DAVID                                                                           

P                                                                               
------------------------------------------------------------                    
DAVID                                                                           
DAVID                                                                           
DAVID                                                                           
DAVID                                                                           
DAVID                                                                           
DAVID                                                                           
DAVID                                                                           
DAVID                                                                           
DAVID                                                                           
DAVID                                                                           
DAVID                                                                           

P                                                                               
------------------------------------------------------------                    
DAVID                                                                           
DAVID                                                                           
DAVID                                                                           
DAVID                                                                           
DAVID                                                                           
DAVID                                                                           
DAVID                                                                           
DAVID                                                                           
DAVID                                                                           
DAVID                                                                           
DAVID                                                                           

P                                                                               
------------------------------------------------------------                    
DAVID                                                                           
DAVID                                                                           
DAVID                                                                           
DAVID                                                                           
DAVID                                                                           
DAVID                                                                           
DAVID                                                                           
DAVID                                                                           
DAVID                                                                           
DAVID                                                                           
DAVID                                                                           

P                                                                               
------------------------------------------------------------                    
DAVID                                                                           
DAVID                                                                           
DAVID                                                                           
DAVID                                                                           
DAVID                                                                           
DAVID                                                                           
DAVID                                                                           
DAVID                                                                           
DAVID                                                                           
DAVID                                                                           
DAVID                                                                           

P                                                                               
------------------------------------------------------------                    
DAVID                                                                           
DAVID                                                                           
DAVID                                                                           
DAVID                                                                           
DAVID                                                                           
DAVID                                                                           
DAVID                                                                           
DAVID                                                                           
DAVID                                                                           
DAVID                                                                           
DAVID                                                                           

P                                                                               
------------------------------------------------------------                    
DAVID                                                                           
DAVID                                                                           
DAVID                                                                           
DAVID                                                                           
DAVID                                                                           
DAVID                                                                           
DAVID                                                                           
DAVID                                                                           
DAVID                                                                           
DAVID                                                                           
DAVID                                                                           

P                                                                               
------------------------------------------------------------                    
DAVID                                                                           
DAVID                                                                           
DAVID                                                                           
DAVID                                                                           
DAVID                                                                           
DAVID                                                                           
DAVID                                                                           
DAVID                                                                           
DAVID                                                                           
DAVID                                                                           
DAVID                                                                           

P                                                                               
------------------------------------------------------------                    
DAVID                                                                           
DAVID                                                                           
DAVID                                                                           
DAVID                                                                           
DAVID                                                                           
DAVID                                                                           
DAVID                                                                           
DAVID                                                                           
DAVID                                                                           
DAVID                                                                           
DAVID                                                                           

P                                                                               
------------------------------------------------------------                    
DAVID                                                                           
DAVID                                                                           
DAVID                                                                           
DAVID                                                                           
DAVID                                                                           
DAVID                                                                           
DAVID                                                                           
DAVID                                                                           
DAVID                                                                           
DAVID                                                                           
DAVID                                                                           

P                                                                               
------------------------------------------------------------                    
DAVID                                                                           
DAVID                                                                           
DAVID                                                                           
DAVID                                                                           
DAVID                                                                           
DAVID                                                                           
DAVID                                                                           
DAVID                                                                           
DAVID                                                                           
DAVID                                                                           
DAVID                                                                           

P                                                                               
------------------------------------------------------------                    
DAVID                                                                           
DAVID                                                                           
DAVID                                                                           
DAVID                                                                           
DAVID                                                                           
DAVID                                                                           
DAVID                                                                           
DAVID                                                                           
DAVID                                                                           
DAVID                                                                           
DAVID                                                                           

P                                                                               
------------------------------------------------------------                    
DAVID                                                                           
DAVID                                                                           
DAVID                                                                           
DAVID                                                                           
DAVID                                                                           
DAVID                                                                           
DAVID                                                                           
DAVID                                                                           
DAVID                                                                           
DAVID                                                                           
DAVID                                                                           

P                                                                               
------------------------------------------------------------                    
DAVID                                                                           
DAVID                                                                           
DAVID                                                                           
DAVID                                                                           
DAVID                                                                           
DAVID                                                                           
DAVID                                                                           
DAVID                                                                           
DAVID                                                                           
DAVID                                                                           
DAVID                                                                           

P                                                                               
------------------------------------------------------------                    
DAVID                                                                           
DAVID                                                                           
DAVID                                                                           
DAVID                                                                           
DAVID                                                                           
DAVID                                                                           
DAVID                                                                           
DAVID                                                                           
DAVID                                                                           
DAVID                                                                           
DAVID                                                                           

P                                                                               
------------------------------------------------------------                    
DAVID                                                                           
DAVID                                                                           
DAVID                                                                           
DAVID                                                                           
DAVID                                                                           
DAVID                                                                           
DAVID                                                                           
DAVID                                                                           
DAVID                                                                           
DAVID                                                                           
DAVID                                                                           

P                                                                               
------------------------------------------------------------                    
DAVID                                                                           
DAVID                                                                           
DAVID                                                                           
DAVID                                                                           
DAVID                                                                           
DAVID                                                                           
DAVID                                                                           
DAVID                                                                           
DAVID                                                                           
DAVID                                                                           
DAVID                                                                           

P                                                                               
------------------------------------------------------------                    
DAVID                                                                           
DAVID                                                                           
DAVID                                                                           
DAVID                                                                           
DAVID                                                                           
DAVID                                                                           
DAVID                                                                           
DAVID                                                                           
DAVID                                                                           
DAVID                                                                           
DAVID                                                                           

P                                                                               
------------------------------------------------------------                    
DAVID                                                                           
DAVID                                                                           
DAVID                                                                           
DAVID                                                                           
DAVID                                                                           
DAVID                                                                           
DAVID                                                                           
DAVID                                                                           
DAVID                                                                           
DAVID                                                                           
DAVID                                                                           

P                                                                               
------------------------------------------------------------                    
DAVID                                                                           
DAVID                                                                           
DAVID                                                                           
DAVID                                                                           
DAVID                                                                           
DAVID                                                                           
DAVID                                                                           
DAVID                                                                           
DAVID                                                                           
DAVID                                                                           
DAVID                                                                           

P                                                                               
------------------------------------------------------------                    
DAVID                                                                           
DAVID                                                                           
DAVID                                                                           
DAVID                                                                           
DAVID                                                                           
DAVID                                                                           
DAVID                                                                           
DAVID                                                                           
DAVID                                                                           
DAVID                                                                           
DAVID                                                                           

P                                                                               
------------------------------------------------------------                    
DAVID                                                                           
DAVID                                                                           
DAVID                                                                           
SOLEDAD                                                                         
SOLEDAD                                                                         
SOLEDAD                                                                         
SOLEDAD                                                                         
SOLEDAD                                                                         
SOLEDAD                                                                         
SOLEDAD                                                                         
SOLEDAD                                                                         

P                                                                               
------------------------------------------------------------                    
SOLEDAD                                                                         
SOLEDAD                                                                         
SOLEDAD                                                                         
SOLEDAD                                                                         
SOLEDAD                                                                         
SOLEDAD                                                                         
SOLEDAD                                                                         
SOLEDAD                                                                         
SOLEDAD                                                                         
SOLEDAD                                                                         
SOLEDAD                                                                         

P                                                                               
------------------------------------------------------------                    
SOLEDAD                                                                         
SOLEDAD                                                                         
SOLEDAD                                                                         
SOLEDAD                                                                         
SOLEDAD                                                                         
SOLEDAD                                                                         
SOLEDAD                                                                         
SOLEDAD                                                                         
SOLEDAD                                                                         
SOLEDAD                                                                         
SOLEDAD                                                                         

P                                                                               
------------------------------------------------------------                    
SOLEDAD                                                                         
SOLEDAD                                                                         
SOLEDAD                                                                         
SOLEDAD                                                                         
SOLEDAD                                                                         
SOLEDAD                                                                         
SOLEDAD                                                                         
SOLEDAD                                                                         
SOLEDAD                                                                         
SOLEDAD                                                                         
SOLEDAD                                                                         

P                                                                               
------------------------------------------------------------                    
SOLEDAD                                                                         
SOLEDAD                                                                         
SOLEDAD                                                                         
SOLEDAD                                                                         
SOLEDAD                                                                         
SOLEDAD                                                                         
SOLEDAD                                                                         
SOLEDAD                                                                         
SOLEDAD                                                                         
SOLEDAD                                                                         
SOLEDAD                                                                         

P                                                                               
------------------------------------------------------------                    
SOLEDAD                                                                         
SOLEDAD                                                                         
SOLEDAD                                                                         
SOLEDAD                                                                         
SOLEDAD                                                                         
SOLEDAD                                                                         
SOLEDAD                                                                         
SOLEDAD                                                                         
SOLEDAD                                                                         
SOLEDAD                                                                         
SOLEDAD                                                                         

P                                                                               
------------------------------------------------------------                    
SOLEDAD                                                                         
SOLEDAD                                                                         
SOLEDAD                                                                         
SOLEDAD                                                                         
SOLEDAD                                                                         
SOLEDAD                                                                         
SOLEDAD                                                                         
SOLEDAD                                                                         
SOLEDAD                                                                         
SOLEDAD                                                                         
SOLEDAD                                                                         

P                                                                               
------------------------------------------------------------                    
SOLEDAD                                                                         
SOLEDAD                                                                         
SOLEDAD                                                                         
SOLEDAD                                                                         
SOLEDAD                                                                         
SOLEDAD                                                                         
SOLEDAD                                                                         
SOLEDAD                                                                         
SOLEDAD                                                                         
SOLEDAD                                                                         
SOLEDAD                                                                         

P                                                                               
------------------------------------------------------------                    
SOLEDAD                                                                         
SOLEDAD                                                                         
SOLEDAD                                                                         
SOLEDAD                                                                         
SOLEDAD                                                                         
SOLEDAD                                                                         
SOLEDAD                                                                         
SOLEDAD                                                                         
SOLEDAD                                                                         
SOLEDAD                                                                         
SOLEDAD                                                                         

P                                                                               
------------------------------------------------------------                    
SOLEDAD                                                                         
SOLEDAD                                                                         
SOLEDAD                                                                         
SOLEDAD                                                                         
SOLEDAD                                                                         
SOLEDAD                                                                         
SOLEDAD                                                                         
SOLEDAD                                                                         
SOLEDAD                                                                         
SOLEDAD                                                                         
SOLEDAD                                                                         

P                                                                               
------------------------------------------------------------                    
SOLEDAD                                                                         
SOLEDAD                                                                         
SOLEDAD                                                                         
SOLEDAD                                                                         
SOLEDAD                                                                         
SOLEDAD                                                                         
SOLEDAD                                                                         
SOLEDAD                                                                         
SOLEDAD                                                                         
SOLEDAD                                                                         
SOLEDAD                                                                         

P                                                                               
------------------------------------------------------------                    
SOLEDAD                                                                         
SOLEDAD                                                                         
SOLEDAD                                                                         
SOLEDAD                                                                         
SOLEDAD                                                                         
SOLEDAD                                                                         
SOLEDAD                                                                         
SOLEDAD                                                                         
SOLEDAD                                                                         
SOLEDAD                                                                         
SOLEDAD                                                                         

P                                                                               
------------------------------------------------------------                    
SOLEDAD                                                                         
SOLEDAD                                                                         
SOLEDAD                                                                         
SOLEDAD                                                                         
SOLEDAD                                                                         
SOLEDAD                                                                         
SOLEDAD                                                                         
SOLEDAD                                                                         
SOLEDAD                                                                         
SOLEDAD                                                                         
SOLEDAD                                                                         

P                                                                               
------------------------------------------------------------                    
SOLEDAD                                                                         
SOLEDAD                                                                         
SOLEDAD                                                                         
SOLEDAD                                                                         
SOLEDAD                                                                         
SOLEDAD                                                                         
SOLEDAD                                                                         
SOLEDAD                                                                         
SOLEDAD                                                                         
SOLEDAD                                                                         
SOLEDAD                                                                         

P                                                                               
------------------------------------------------------------                    
SOLEDAD                                                                         
SOLEDAD                                                                         
SOLEDAD                                                                         
SOLEDAD                                                                         
SOLEDAD                                                                         
SOLEDAD                                                                         
SOLEDAD                                                                         
SOLEDAD                                                                         
SOLEDAD                                                                         
SOLEDAD                                                                         
SOLEDAD                                                                         

P                                                                               
------------------------------------------------------------                    
SOLEDAD                                                                         
SOLEDAD                                                                         
SOLEDAD                                                                         
SOLEDAD                                                                         
SOLEDAD                                                                         
SOLEDAD                                                                         
SOLEDAD                                                                         
SOLEDAD                                                                         
SOLEDAD                                                                         
SOLEDAD                                                                         
SOLEDAD                                                                         

P                                                                               
------------------------------------------------------------                    
SOLEDAD                                                                         
SOLEDAD                                                                         
SOLEDAD                                                                         
SOLEDAD                                                                         
SOLEDAD                                                                         
SOLEDAD                                                                         
SOLEDAD                                                                         
SOLEDAD                                                                         
SOLEDAD                                                                         
SOLEDAD                                                                         
SOLEDAD                                                                         

P                                                                               
------------------------------------------------------------                    
SOLEDAD                                                                         
SOLEDAD                                                                         
SOLEDAD                                                                         
SOLEDAD                                                                         
SOLEDAD                                                                         
SOLEDAD                                                                         
SOLEDAD                                                                         
SOLEDAD                                                                         
SOLEDAD                                                                         
SOLEDAD                                                                         
SOLEDAD                                                                         

P                                                                               
------------------------------------------------------------                    
SOLEDAD                                                                         
SOLEDAD                                                                         
SOLEDAD                                                                         
SOLEDAD                                                                         
SOLEDAD                                                                         
SOLEDAD                                                                         
SOLEDAD                                                                         
SOLEDAD                                                                         
SOLEDAD                                                                         
SOLEDAD                                                                         
SOLEDAD                                                                         

P                                                                               
------------------------------------------------------------                    
SOLEDAD                                                                         
SOLEDAD                                                                         
SOLEDAD                                                                         
SOLEDAD                                                                         
SOLEDAD                                                                         
SOLEDAD                                                                         
SOLEDAD                                                                         
SOLEDAD                                                                         
SOLEDAD                                                                         
SOLEDAD                                                                         
SOLEDAD                                                                         

P                                                                               
------------------------------------------------------------                    
SOLEDAD                                                                         
SOLEDAD                                                                         
SOLEDAD                                                                         
SOLEDAD                                                                         
SOLEDAD                                                                         
SOLEDAD                                                                         
SOLEDAD                                                                         
SOLEDAD                                                                         
SOLEDAD                                                                         
SOLEDAD                                                                         
SOLEDAD                                                                         

P                                                                               
------------------------------------------------------------                    
JOSE MANUEL                                                                     
JOSE MANUEL                                                                     
JOSE MANUEL                                                                     
JOSE MANUEL                                                                     
JOSE MANUEL                                                                     
JOSE MANUEL                                                                     
JOSE MANUEL                                                                     
JOSE MANUEL                                                                     
JOSE MANUEL                                                                     
JOSE MANUEL                                                                     
JOSE MANUEL                                                                     

P                                                                               
------------------------------------------------------------                    
JOSE MANUEL                                                                     
JOSE MANUEL                                                                     
JOSE MANUEL                                                                     
JOSE MANUEL                                                                     
JOSE MANUEL                                                                     
JOSE MANUEL                                                                     
JOSE MANUEL                                                                     
JOSE MANUEL                                                                     
JOSE MANUEL                                                                     
JOSE MANUEL                                                                     
JOSE MANUEL                                                                     

P                                                                               
------------------------------------------------------------                    
JOSE MANUEL                                                                     
JOSE MANUEL                                                                     
JOSE MANUEL                                                                     
JOSE MANUEL                                                                     
JOSE MANUEL                                                                     
JOSE MANUEL                                                                     
JOSE MANUEL                                                                     
JOSE MANUEL                                                                     
JOSE MANUEL                                                                     
JOSE MANUEL                                                                     
JOSE MANUEL                                                                     

P                                                                               
------------------------------------------------------------                    
JOSE MANUEL                                                                     
JOSE MANUEL                                                                     
JOSE MANUEL                                                                     
JOSE MANUEL                                                                     
JOSE MANUEL                                                                     
JOSE MANUEL                                                                     
JOSE MANUEL                                                                     
JOSE MANUEL                                                                     
JOSE MANUEL                                                                     
JOSE MANUEL                                                                     
JOSE MANUEL                                                                     

P                                                                               
------------------------------------------------------------                    
JOSE MANUEL                                                                     
JOSE MANUEL                                                                     
JOSE MANUEL                                                                     
JOSE MANUEL                                                                     
JOSE MANUEL                                                                     
JOSE MANUEL                                                                     
JOSE MANUEL                                                                     
JOSE MANUEL                                                                     
JOSE MANUEL                                                                     
JOSE MANUEL                                                                     
JOSE MANUEL                                                                     

P                                                                               
------------------------------------------------------------                    
JOSE MANUEL                                                                     
JOSE MANUEL                                                                     
JOSE MANUEL                                                                     
JOSE MANUEL                                                                     
JOSE MANUEL                                                                     
JOSE MANUEL                                                                     
JOSE MANUEL                                                                     
JOSE MANUEL                                                                     
JOSE MANUEL                                                                     
JOSE MANUEL                                                                     
JOSE MANUEL                                                                     

P                                                                               
------------------------------------------------------------                    
JOSE MANUEL                                                                     
JOSE MANUEL                                                                     
JOSE MANUEL                                                                     
JOSE MANUEL                                                                     
JOSE MANUEL                                                                     
JOSE MANUEL                                                                     
JOSE MANUEL                                                                     
JOSE MANUEL                                                                     
JOSE MANUEL                                                                     
JOSE MANUEL                                                                     
JOSE MANUEL                                                                     

P                                                                               
------------------------------------------------------------                    
JOSE MANUEL                                                                     
JOSE MANUEL                                                                     
JOSE MANUEL                                                                     
JOSE MANUEL                                                                     
JOSE MANUEL                                                                     
JOSE MANUEL                                                                     
JOSE MANUEL                                                                     
JOSE MANUEL                                                                     
JOSE MANUEL                                                                     
JOSE MANUEL                                                                     
JOSE MANUEL                                                                     

P                                                                               
------------------------------------------------------------                    
JOSE MANUEL                                                                     
JOSE MANUEL                                                                     
JOSE MANUEL                                                                     
JOSE MANUEL                                                                     
JOSE MANUEL                                                                     
JOSE MANUEL                                                                     
JOSE MANUEL                                                                     
JOSE MANUEL                                                                     
JOSE MANUEL                                                                     
JOSE MANUEL                                                                     
JOSE MANUEL                                                                     

P                                                                               
------------------------------------------------------------                    
JOSE MANUEL                                                                     
JOSE MANUEL                                                                     
JOSE MANUEL                                                                     
JOSE MANUEL                                                                     
JOSE MANUEL                                                                     
JOSE MANUEL                                                                     
JOSE MANUEL                                                                     
JOSE MANUEL                                                                     
JOSE MANUEL                                                                     
JOSE MANUEL                                                                     
JOSE MANUEL                                                                     

P                                                                               
------------------------------------------------------------                    
JOSE MANUEL                                                                     
JOSE MANUEL                                                                     
JOSE MANUEL                                                                     
JOSE MANUEL                                                                     
JOSE MANUEL                                                                     
JOSE MANUEL                                                                     
JOSE MANUEL                                                                     
JOSE MANUEL                                                                     
JOSE MANUEL                                                                     
JOSE MANUEL                                                                     
JOSE MANUEL                                                                     

P                                                                               
------------------------------------------------------------                    
JOSE MANUEL                                                                     
JOSE MANUEL                                                                     
JOSE MANUEL                                                                     
JOSE MANUEL                                                                     
JOSE MANUEL                                                                     
JOSE MANUEL                                                                     
JOSE MANUEL                                                                     
JOSE MANUEL                                                                     
JOSE MANUEL                                                                     
JOSE MANUEL                                                                     
JOSE MANUEL                                                                     

P                                                                               
------------------------------------------------------------                    
JOSE MANUEL                                                                     
JOSE MANUEL                                                                     
JOSE MANUEL                                                                     
JOSE MANUEL                                                                     
JOSE MANUEL                                                                     
JOSE MANUEL                                                                     
JOSE MANUEL                                                                     
JOSE MANUEL                                                                     
JOSE MANUEL                                                                     
JOSE MANUEL                                                                     
JOSE MANUEL                                                                     

P                                                                               
------------------------------------------------------------                    
JOSE MANUEL                                                                     
JOSE MANUEL                                                                     
JOSE MANUEL                                                                     
JOSE MANUEL                                                                     
JOSE MANUEL                                                                     
JOSE MANUEL                                                                     
JOSE MANUEL                                                                     
JOSE MANUEL                                                                     
JOSE MANUEL                                                                     
JOSE MANUEL                                                                     
JOSE MANUEL                                                                     

P                                                                               
------------------------------------------------------------                    
JOSE MANUEL                                                                     
JOSE MANUEL                                                                     
JOSE MANUEL                                                                     
JOSE MANUEL                                                                     
JOSE MANUEL                                                                     
JOSE MANUEL                                                                     
JOSE MANUEL                                                                     
JOSE MANUEL                                                                     
JOSE MANUEL                                                                     
JOSE MANUEL                                                                     
JOSE MANUEL                                                                     

P                                                                               
------------------------------------------------------------                    
JOSE MANUEL                                                                     
JOSE MANUEL                                                                     
JOSE MANUEL                                                                     
JOSE MANUEL                                                                     
JOSE MANUEL                                                                     
JOSE MANUEL                                                                     
JOSE MANUEL                                                                     
JOSE MANUEL                                                                     
JOSE MANUEL                                                                     
JOSE MANUEL                                                                     
JOSE MANUEL                                                                     

P                                                                               
------------------------------------------------------------                    
JOSE MANUEL                                                                     
JOSE MANUEL                                                                     
JOSE MANUEL                                                                     
JOSE MANUEL                                                                     
JOSE MANUEL                                                                     
JOSE MANUEL                                                                     
JOSE MANUEL                                                                     
JOSE MANUEL                                                                     
JOSE MANUEL                                                                     
JOSE MANUEL                                                                     
JOSE MANUEL                                                                     

P                                                                               
------------------------------------------------------------                    
JOSE MANUEL                                                                     
JOSE MANUEL                                                                     
JOSE MANUEL                                                                     
JOSE MANUEL                                                                     
JOSE MANUEL                                                                     
JOSE MANUEL                                                                     
JOSE MANUEL                                                                     
JOSE MANUEL                                                                     
JOSE MANUEL                                                                     
JOSE MANUEL                                                                     
JOSE MANUEL                                                                     

P                                                                               
------------------------------------------------------------                    
JOSE MANUEL                                                                     
JOSE MANUEL                                                                     
JOSE MANUEL                                                                     
JOSE MANUEL                                                                     
JOSE MANUEL                                                                     
JOSE MANUEL                                                                     
JOSE MANUEL                                                                     
JOSE MANUEL                                                                     
JOSE MANUEL                                                                     
JOSE MANUEL                                                                     
JOSE MANUEL                                                