SQL> SELECT CD, D FROM DEPARTAMENTO
  2  ;

        CD D                                                                    
---------- ------------------------------------------------------------         
         1 ANALISIS MATEMATICO                                                  
         2 ASTROFISICA                                                          
         3 ESTADISTICA, INVESTIGACION OPERATIVA Y COMPUTACION                   
         4 MATEMATICA FUNDAMENTAL                                               

SQL> SELECT * FROM AREA
  2  ;

       CAR AR                                                                   
---------- ------------------------------------------------------------         
        CD                                                                      
----------                                                                      
         1 ALGEBRA                                                              
         4                                                                      
                                                                                
         2 ANALISIS MATEMATICO                                                  
         1                                                                      
                                                                                
         3 ASTRONOMIA Y ASTROFISICA                                             
         2                                                                      
                                                                                

       CAR AR                                                                   
---------- ------------------------------------------------------------         
        CD                                                                      
----------                                                                      
         4 CIENCIAS DE LA COMPUTACION E INTELIGENCIA ARTIFICIAL                 
         3                                                                      
                                                                                
         5 DIDACTICA DE LA MATEMATICA                                           
         1                                                                      
                                                                                
         6 ESTADISTICA E INVESTIGACION OPERATIVA                                
         3                                                                      
                                                                                

       CAR AR                                                                   
---------- ------------------------------------------------------------         
        CD                                                                      
----------                                                                      
         7 LENGUAJES Y SISTEMAS INFORMATICOS                                    
         3                                                                      
                                                                                
         8 MATEMATICA APLICADA                                                  
         1                                                                      
                                                                                

8 rows selected.

SQL> SET LINESIZE 180
SQL> SELECT * FROM AREA;

       CAR AR                                                                   CD                                                                                                  
---------- ------------------------------------------------------------ ----------                                                                                                  
         1 ALGEBRA                                                               4                                                                                                  
         2 ANALISIS MATEMATICO                                                   1                                                                                                  
         3 ASTRONOMIA Y ASTROFISICA                                              2                                                                                                  
         4 CIENCIAS DE LA COMPUTACION E INTELIGENCIA ARTIFICIAL                  3                                                                                                  
         5 DIDACTICA DE LA MATEMATICA                                            1                                                                                                  
         6 ESTADISTICA E INVESTIGACION OPERATIVA                                 3                                                                                                  
         7 LENGUAJES Y SISTEMAS INFORMATICOS                                     3                                                                                                  
         8 MATEMATICA APLICADA                                                   1                                                                                                  

8 rows selected.

SQL> SELECT CD, D FROM DEPARTAMENTO;

        CD D                                                                                                                                                                        
---------- ------------------------------------------------------------                                                                                                             
         1 ANALISIS MATEMATICO                                                                                                                                                      
         2 ASTROFISICA                                                                                                                                                              
         3 ESTADISTICA, INVESTIGACION OPERATIVA Y COMPUTACION                                                                                                                       
         4 MATEMATICA FUNDAMENTAL                                                                                                                                                   

SQL> SELECT DNI FROM PROFESOR;

       DNI                                                                                                                                                                          
----------                                                                                                                                                                          
      1010                                                                                                                                                                          
      1111                                                                                                                                                                          
      2020                                                                                                                                                                          
      2222                                                                                                                                                                          
      3030                                                                                                                                                                          
      3333                                                                                                                                                                          
      4444                                                                                                                                                                          
      5555                                                                                                                                                                          
      6666                                                                                                                                                                          
      7777                                                                                                                                                                          
      8888                                                                                                                                                                          

       DNI                                                                                                                                                                          
----------                                                                                                                                                                          
      9999                                                                                                                                                                          

12 rows selected.

SQL> SELECT * FROM PROFESOR;

       DNI P                                                                   CAR CAT                                                                                              
---------- ------------------------------------------------------------ ---------- -----                                                                                            
      1111 JUAN                                                                  6 CU                                                                                               
      2222 CARLOS                                                                7 TU                                                                                               
      3333 PEDRO                                                                 4 TEU                                                                                              
      4444 MARIA                                                                 7 TU                                                                                               
      5555 IVAN                                                                  1 CEU                                                                                              
      6666 CARMEN                                                                3 CD                                                                                               
      7777 MARIO                                                                 2 TU                                                                                               
      8888 FRANCISCO                                                             5 TU                                                                                               
      9999 ANGELA                                                                8 TEU                                                                                              
      1010 DAVID                                                                 4 TU                                                                                               
      2020 SOLEDAD                                                               7 CU                                                                                               

       DNI P                                                                   CAR CAT                                                                                              
---------- ------------------------------------------------------------ ---------- -----                                                                                            
      3030 JOSE MANUEL                                                           6 TEU                                                                                              

12 rows selected.

SQL> SELECT P, DNI, CAT, CAR FROM PROFESOR;

P                                                                   DNI CAT          CAR                                                                                            
------------------------------------------------------------ ---------- ----- ----------                                                                                            
JUAN                                                               1111 CU             6                                                                                            
CARLOS                                                             2222 TU             7                                                                                            
PEDRO                                                              3333 TEU            4                                                                                            
MARIA                                                              4444 TU             7                                                                                            
IVAN                                                               5555 CEU            1                                                                                            
CARMEN                                                             6666 CD             3                                                                                            
MARIO                                                              7777 TU             2                                                                                            
FRANCISCO                                                          8888 TU             5                                                                                            
ANGELA                                                             9999 TEU            8                                                                                            
DAVID                                                              1010 TU             4                                                                                            
SOLEDAD                                                            2020 CU             7                                                                                            

P                                                                   DNI CAT          CAR                                                                                            
------------------------------------------------------------ ---------- ----- ----------                                                                                            
JOSE MANUEL                                                        3030 TEU            6                                                                                            

12 rows selected.

SQL> SELECT P(nombre), DNI, CAT, CAR FROM PROFESOR;
SELECT P(nombre), DNI, CAT, CAR FROM PROFESOR
       *
ERROR at line 1:
ORA-00904: "P": invalid identifier 


SQL> SELECT P AS NOMBRE, DNI AS DOCUMENTO, CAT AS CATEGORIA, CAR AS CODE AREA FROM PROFESOR;
SELECT P AS NOMBRE, DNI AS DOCUMENTO, CAT AS CATEGORIA, CAR AS CODE AREA FROM PROFESOR
                                                                    *
ERROR at line 1:
ORA-00923: FROM keyword not found where expected 


SQL> SELECT P AS NOMBRE, DNI AS DOCUMENTO, CAT AS CATEGORIA, CAR AS CODIGO FROM PROFESOR;

NOMBRE                                                        DOCUMENTO CATEG     CODIGO                                                                                            
------------------------------------------------------------ ---------- ----- ----------                                                                                            
JUAN                                                               1111 CU             6                                                                                            
CARLOS                                                             2222 TU             7                                                                                            
PEDRO                                                              3333 TEU            4                                                                                            
MARIA                                                              4444 TU             7                                                                                            
IVAN                                                               5555 CEU            1                                                                                            
CARMEN                                                             6666 CD             3                                                                                            
MARIO                                                              7777 TU             2                                                                                            
FRANCISCO                                                          8888 TU             5                                                                                            
ANGELA                                                             9999 TEU            8                                                                                            
DAVID                                                              1010 TU             4                                                                                            
SOLEDAD                                                            2020 CU             7                                                                                            

NOMBRE                                                        DOCUMENTO CATEG     CODIGO                                                                                            
------------------------------------------------------------ ---------- ----- ----------                                                                                            
JOSE MANUEL                                                        3030 TEU            6                                                                                            

12 rows selected.

SQL> SELECT * FROM ASIGNATURA
  2  ;

       CAS A                                                  T           CUR        CAR         CT         CP         CL                                                           
---------- -------------------------------------------------- ---- ---------- ---------- ---------- ---------- ----------                                                           
         1 BASES DE DATOS                                     GII           3          7          3        1.5        1.5                                                           
         2 INTELIGENCIA ARTIFICIAL                            GII           3          4        1.5        1.5          3                                                           
         3 ALMACENES DE DATOS                                 MII           1          7        1.5          0        1.5                                                           
         4 MINERIA DE DATOS                                   MII           1          7        1.5          0        1.5                                                           
         5 INFORMATICA BASICA                                 GII           1          7          3        1.5        1.5                                                           
         6 ALGEBRA                                            GII           1          1          3          3          0                                                           
         7 CALCULO                                            GII           1          8          3          3          0                                                           
         8 OPTIMIZACION                                       GII           1          6          3        1.5        1.5                                                           
         9 GESTION DE RIESGOS                                 GII           3          4          3          0          3                                                           
        10 ASTRONOMIA                                         GF            2          3          3        1.5        1.5                                                           
        11 ENSENANZA DE LA MATEMATICA                         GM            2          5          6          0          0                                                           

       CAS A                                                  T           CUR        CAR         CT         CP         CL                                                           
---------- -------------------------------------------------- ---- ---------- ---------- ---------- ---------- ----------                                                           
        12 ANALISIS COMPLEJO                                  GM            4          2        4.5          3          0                                                           

12 rows selected.

SQL> SELECT * FROM ASIGNATURA;

       CAS A                                                  T           CUR        CAR         CT         CP         CL                                                           
---------- -------------------------------------------------- ---- ---------- ---------- ---------- ---------- ----------                                                           
         1 BASES DE DATOS                                     GII           3          7          3        1.5        1.5                                                           
         2 INTELIGENCIA ARTIFICIAL                            GII           3          4        1.5        1.5          3                                                           
         3 ALMACENES DE DATOS                                 MII           1          7        1.5          0        1.5                                                           
         4 MINERIA DE DATOS                                   MII           1          7        1.5          0        1.5                                                           
         5 INFORMATICA BASICA                                 GII           1          7          3        1.5        1.5                                                           
         6 ALGEBRA                                            GII           1          1          3          3          0                                                           
         7 CALCULO                                            GII           1          8          3          3          0                                                           
         8 OPTIMIZACION                                       GII           1          6          3        1.5        1.5                                                           
         9 GESTION DE RIESGOS                                 GII           3          4          3          0          3                                                           
        10 ASTRONOMIA                                         GF            2          3          3        1.5        1.5                                                           
        11 ENSENANZA DE LA MATEMATICA                         GM            2          5          6          0          0                                                           

       CAS A                                                  T           CUR        CAR         CT         CP         CL                                                           
---------- -------------------------------------------------- ---- ---------- ---------- ---------- ---------- ----------                                                           
        12 ANALISIS COMPLEJO                                  GM            4          2        4.5          3          0                                                           

12 rows selected.

SQL> SELECT * FROM ASIGNATURA WHERE (T = GII);
SELECT * FROM ASIGNATURA WHERE (T = GII)
                                    *
ERROR at line 1:
ORA-00904: "GII": invalid identifier 


SQL> SELECT * FROM ASIGNATURA WHERE (CUR = 3);

       CAS A                                                  T           CUR        CAR         CT         CP         CL                                                           
---------- -------------------------------------------------- ---- ---------- ---------- ---------- ---------- ----------                                                           
         1 BASES DE DATOS                                     GII           3          7          3        1.5        1.5                                                           
         2 INTELIGENCIA ARTIFICIAL                            GII           3          4        1.5        1.5          3                                                           
         9 GESTION DE RIESGOS                                 GII           3          4          3          0          3                                                           

SQL> SELECT * FROM ASIGNATURA WHERE (T = GM);
SELECT * FROM ASIGNATURA WHERE (T = GM)
                                    *
ERROR at line 1:
ORA-00904: "GM": invalid identifier 


SQL> SELECT * FROM ASIGNATURA WHERE (T = "GII");
SELECT * FROM ASIGNATURA WHERE (T = "GII")
                                    *
ERROR at line 1:
ORA-00904: "GII": invalid identifier 


SQL> SELECT * FROM ASIGNATURA WHERE (T = 'GII');

       CAS A                                                  T           CUR        CAR         CT         CP         CL                                                           
---------- -------------------------------------------------- ---- ---------- ---------- ---------- ---------- ----------                                                           
         1 BASES DE DATOS                                     GII           3          7          3        1.5        1.5                                                           
         2 INTELIGENCIA ARTIFICIAL                            GII           3          4        1.5        1.5          3                                                           
         5 INFORMATICA BASICA                                 GII           1          7          3        1.5        1.5                                                           
         6 ALGEBRA                                            GII           1          1          3          3          0                                                           
         7 CALCULO                                            GII           1          8          3          3          0                                                           
         8 OPTIMIZACION                                       GII           1          6          3        1.5        1.5                                                           
         9 GESTION DE RIESGOS                                 GII           3          4          3          0          3                                                           

7 rows selected.

SQL> SELECT * FROM ASIGNATURA;

       CAS A                                                  T           CUR        CAR         CT         CP         CL                                                           
---------- -------------------------------------------------- ---- ---------- ---------- ---------- ---------- ----------                                                           
         1 BASES DE DATOS                                     GII           3          7          3        1.5        1.5                                                           
         2 INTELIGENCIA ARTIFICIAL                            GII           3          4        1.5        1.5          3                                                           
         3 ALMACENES DE DATOS                                 MII           1          7        1.5          0        1.5                                                           
         4 MINERIA DE DATOS                                   MII           1          7        1.5          0        1.5                                                           
         5 INFORMATICA BASICA                                 GII           1          7          3        1.5        1.5                                                           
         6 ALGEBRA                                            GII           1          1          3          3          0                                                           
         7 CALCULO                                            GII           1          8          3          3          0                                                           
         8 OPTIMIZACION                                       GII           1          6          3        1.5        1.5                                                           
         9 GESTION DE RIESGOS                                 GII           3          4          3          0          3                                                           
        10 ASTRONOMIA                                         GF            2          3          3        1.5        1.5                                                           
        11 ENSENANZA DE LA MATEMATICA                         GM            2          5          6          0          0                                                           

       CAS A                                                  T           CUR        CAR         CT         CP         CL                                                           
---------- -------------------------------------------------- ---- ---------- ---------- ---------- ---------- ----------                                                           
        12 ANALISIS COMPLEJO                                  GM            4          2        4.5          3          0                                                           

12 rows selected.

SQL> SELECT * FROM ASIGNATURA WHERE (T = 'GII');

       CAS A                                                  T           CUR        CAR         CT         CP         CL                                                           
---------- -------------------------------------------------- ---- ---------- ---------- ---------- ---------- ----------                                                           
         1 BASES DE DATOS                                     GII           3          7          3        1.5        1.5                                                           
         2 INTELIGENCIA ARTIFICIAL                            GII           3          4        1.5        1.5          3                                                           
         5 INFORMATICA BASICA                                 GII           1          7          3        1.5        1.5                                                           
         6 ALGEBRA                                            GII           1          1          3          3          0                                                           
         7 CALCULO                                            GII           1          8          3          3          0                                                           
         8 OPTIMIZACION                                       GII           1          6          3        1.5        1.5                                                           
         9 GESTION DE RIESGOS                                 GII           3          4          3          0          3                                                           

7 rows selected.

SQL> SELECT DNI FROM PROFESOR WHERE (CAR = 7);

       DNI                                                                                                                                                                          
----------                                                                                                                                                                          
      2222                                                                                                                                                                          
      4444                                                                                                                                                                          
      2020                                                                                                                                                                          

SQL> SELECT DISTINCT DNI FROM PROFESOR WHERE (CAR = 7);

       DNI                                                                                                                                                                          
----------                                                                                                                                                                          
      2222                                                                                                                                                                          
      4444                                                                                                                                                                          
      2020                                                                                                                                                                          

SQL> SELECT A FROM ASIGNATURA WHERE ( CAR>= 7);

A                                                                                                                                                                                   
--------------------------------------------------                                                                                                                                  
BASES DE DATOS                                                                                                                                                                      
ALMACENES DE DATOS                                                                                                                                                                  
MINERIA DE DATOS                                                                                                                                                                    
INFORMATICA BASICA                                                                                                                                                                  
CALCULO                                                                                                                                                                             

SQL> SELECT A FROM ASIGNATURA WHERE ( CAR>7);

A                                                                                                                                                                                   
--------------------------------------------------                                                                                                                                  
CALCULO                                                                                                                                                                             

SQL> SELECT CAR FROM ASIGNATURA WHERE ( A = 'ALMACENES DE DATOS');

       CAR                                                                                                                                                                          
----------                                                                                                                                                                          
         7                                                                                                                                                                          

SQL> SELECT A FROM ASIGNATURA WHERE ( CAR!= 8);

A                                                                                                                                                                                   
--------------------------------------------------                                                                                                                                  
BASES DE DATOS                                                                                                                                                                      
INTELIGENCIA ARTIFICIAL                                                                                                                                                             
ALMACENES DE DATOS                                                                                                                                                                  
MINERIA DE DATOS                                                                                                                                                                    
INFORMATICA BASICA                                                                                                                                                                  
ALGEBRA                                                                                                                                                                             
OPTIMIZACION                                                                                                                                                                        
GESTION DE RIESGOS                                                                                                                                                                  
ASTRONOMIA                                                                                                                                                                          
ENSENANZA DE LA MATEMATICA                                                                                                                                                          
ANALISIS COMPLEJO                                                                                                                                                                   

11 rows selected.

SQL> SELECT A FROM ASIGNATURA WHERE ( CAR!= 8) AND (CAR!=7);

A                                                                                                                                                                                   
--------------------------------------------------                                                                                                                                  
INTELIGENCIA ARTIFICIAL                                                                                                                                                             
ALGEBRA                                                                                                                                                                             
OPTIMIZACION                                                                                                                                                                        
GESTION DE RIESGOS                                                                                                                                                                  
ASTRONOMIA                                                                                                                                                                          
ENSENANZA DE LA MATEMATICA                                                                                                                                                          
ANALISIS COMPLEJO                                                                                                                                                                   

7 rows selected.

SQL> SELECT A FROM ASIGNATURA WHERE ( CAR!= 8) AND (CAR!=11);

A                                                                                                                                                                                   
--------------------------------------------------                                                                                                                                  
BASES DE DATOS                                                                                                                                                                      
INTELIGENCIA ARTIFICIAL                                                                                                                                                             
ALMACENES DE DATOS                                                                                                                                                                  
MINERIA DE DATOS                                                                                                                                                                    
INFORMATICA BASICA                                                                                                                                                                  
ALGEBRA                                                                                                                                                                             
OPTIMIZACION                                                                                                                                                                        
GESTION DE RIESGOS                                                                                                                                                                  
ASTRONOMIA                                                                                                                                                                          
ENSENANZA DE LA MATEMATICA                                                                                                                                                          
ANALISIS COMPLEJO                                                                                                                                                                   

11 rows selected.

SQL> SELECT A FROM ASIGNATURA WHERE ( CAS>= 7);

A                                                                                                                                                                                   
--------------------------------------------------                                                                                                                                  
CALCULO                                                                                                                                                                             
OPTIMIZACION                                                                                                                                                                        
GESTION DE RIESGOS                                                                                                                                                                  
ASTRONOMIA                                                                                                                                                                          
ENSENANZA DE LA MATEMATICA                                                                                                                                                          
ANALISIS COMPLEJO                                                                                                                                                                   

6 rows selected.

SQL> SELECT A FROM ASIGNATURA WHERE ( CAS> 7);

A                                                                                                                                                                                   
--------------------------------------------------                                                                                                                                  
OPTIMIZACION                                                                                                                                                                        
GESTION DE RIESGOS                                                                                                                                                                  
ASTRONOMIA                                                                                                                                                                          
ENSENANZA DE LA MATEMATICA                                                                                                                                                          
ANALISIS COMPLEJO                                                                                                                                                                   

SQL> SELECT CAS FROM ASIGNATURA WHERE ( A = 'ALMACENES DE DATOS');

       CAS                                                                                                                                                                          
----------                                                                                                                                                                          
         3                                                                                                                                                                          

SQL> SELECT A FROM ASIGNATURA WHERE ( CAS!= 8);

A                                                                                                                                                                                   
--------------------------------------------------                                                                                                                                  
BASES DE DATOS                                                                                                                                                                      
INTELIGENCIA ARTIFICIAL                                                                                                                                                             
ALMACENES DE DATOS                                                                                                                                                                  
MINERIA DE DATOS                                                                                                                                                                    
INFORMATICA BASICA                                                                                                                                                                  
ALGEBRA                                                                                                                                                                             
CALCULO                                                                                                                                                                             
GESTION DE RIESGOS                                                                                                                                                                  
ASTRONOMIA                                                                                                                                                                          
ENSENANZA DE LA MATEMATICA                                                                                                                                                          
ANALISIS COMPLEJO                                                                                                                                                                   

11 rows selected.

SQL> SELECT A FROM ASIGNATURA WHERE ( CAS!= 8) AND (CAS!=11);

A                                                                                                                                                                                   
--------------------------------------------------                                                                                                                                  
BASES DE DATOS                                                                                                                                                                      
INTELIGENCIA ARTIFICIAL                                                                                                                                                             
ALMACENES DE DATOS                                                                                                                                                                  
MINERIA DE DATOS                                                                                                                                                                    
INFORMATICA BASICA                                                                                                                                                                  
ALGEBRA                                                                                                                                                                             
CALCULO                                                                                                                                                                             
GESTION DE RIESGOS                                                                                                                                                                  
ASTRONOMIA                                                                                                                                                                          
ANALISIS COMPLEJO                                                                                                                                                                   

10 rows selected.

SQL> SELECT CAS FROM PLAN_DOCENTE WHERE (DNI = 3333);

       CAS                                                                                                                                                                          
----------                                                                                                                                                                          
         2                                                                                                                                                                          
         9                                                                                                                                                                          

SQL> SELECT CD FROM DEPARTAMENTO WHERE (D = 'ASTROFISICA');

        CD                                                                                                                                                                          
----------                                                                                                                                                                          
         2                                                                                                                                                                          

SQL> SELECT * FROM PLAN_DOCENTE;

       DNI        CAS        CTA        CPA        CLA FI        FF                                                                                                                 
---------- ---------- ---------- ---------- ---------- --------- ---------                                                                                                          
      4444          1          3        1.5        1.5 01-SEP-11                                                                                                                    
      4444          4        1.5          0        1.5 01-SEP-08 31-AUG-10                                                                                                          
      4444          5          3          0          0 01-SEP-10                                                                                                                    
      1111          8          3        1.5        1.5 01-SEP-07 31-AUG-09                                                                                                          
      1111          8          3          0          0 01-SEP-09                                                                                                                    
      3030          8          0        1.5        1.5 01-SEP-09                                                                                                                    
      2222          4        1.5          0        1.5 01-SEP-09                                                                                                                    
      2222          3        1.5          0        1.5 01-SEP-06 31-AUG-07                                                                                                          
      1010          2        1.5        1.5          3 01-SEP-05 31-AUG-08                                                                                                          
      3333          2        1.5        1.5          3 01-SEP-08                                                                                                                    
      1010          9          3          0          3 01-SEP-08 31-AUG-09                                                                                                          

       DNI        CAS        CTA        CPA        CLA FI        FF                                                                                                                 
---------- ---------- ---------- ---------- ---------- --------- ---------                                                                                                          
      1010          9        1.5          0        1.5 01-SEP-09                                                                                                                    
      9999          7          3          3          0 01-SEP-10                                                                                                                    
      5555          6          3          3          0 31-MAR-10                                                                                                                    
      6666         10          3        1.5        1.5 01-SEP-08 31-AUG-11                                                                                                          
      8888         11          6          0          0 01-SEP-09                                                                                                                    
      2020          3        1.5          0        1.5 01-SEP-08                                                                                                                    
      7777         12        4.5          3          0 01-SEP-10                                                                                                                    
      3333          9        1.5          0        1.5 01-SEP-09                                                                                                                    

19 rows selected.

SQL> SELECT DNI FROM PLAN_DOCENTE WHERE (FI = '01-SEP-09);
ERROR:
ORA-01756: quoted string not properly terminated 


SQL> SELECT DNI FROM PLAN_DOCENTE WHERE (FI = '01-SEP-09');

       DNI                                                                                                                                                                          
----------                                                                                                                                                                          
      1010                                                                                                                                                                          
      1111                                                                                                                                                                          
      2222                                                                                                                                                                          
      3030                                                                                                                                                                          
      3333                                                                                                                                                                          
      8888                                                                                                                                                                          

6 rows selected.

SQL> SELECT DNI FROM PLAN_DOCENTE WHERE (FI < '01-JAN-09');

       DNI                                                                                                                                                                          
----------                                                                                                                                                                          
      1010                                                                                                                                                                          
      1010                                                                                                                                                                          
      1111                                                                                                                                                                          
      2020                                                                                                                                                                          
      2222                                                                                                                                                                          
      3333                                                                                                                                                                          
      4444                                                                                                                                                                          
      6666                                                                                                                                                                          

8 rows selected.

SQL> SELECT A FROM ASIGNATURA WHERE (CAR = 3) OR (CAR = 5) OR (CAR = 8);

A                                                                                                                                                                                   
--------------------------------------------------                                                                                                                                  
CALCULO                                                                                                                                                                             
ASTRONOMIA                                                                                                                                                                          
ENSENANZA DE LA MATEMATICA                                                                                                                                                          

SQL> SELECT A FROM ASIGNATURA WHERE (CAR != 3) AND (CAR != 5) AND (CAR != 8);

A                                                                                                                                                                                   
--------------------------------------------------                                                                                                                                  
BASES DE DATOS                                                                                                                                                                      
INTELIGENCIA ARTIFICIAL                                                                                                                                                             
ALMACENES DE DATOS                                                                                                                                                                  
MINERIA DE DATOS                                                                                                                                                                    
INFORMATICA BASICA                                                                                                                                                                  
ALGEBRA                                                                                                                                                                             
OPTIMIZACION                                                                                                                                                                        
GESTION DE RIESGOS                                                                                                                                                                  
ANALISIS COMPLEJO                                                                                                                                                                   

9 rows selected.

SQL> SELECT P FRO PROFESOR WHERE DNI BETWEEN 3000 AND 7000;
SELECT P FRO PROFESOR WHERE DNI BETWEEN 3000 AND 7000
             *
ERROR at line 1:
ORA-00923: FROM keyword not found where expected 


SQL> SELECT P FROM PROFESOR WHERE DNI BETWEEN 3000 AND 7000;

P                                                                                                                                                                                   
------------------------------------------------------------                                                                                                                        
JOSE MANUEL                                                                                                                                                                         
PEDRO                                                                                                                                                                               
MARIA                                                                                                                                                                               
IVAN                                                                                                                                                                                
CARMEN                                                                                                                                                                              

SQL> SELECT P FROM PROFESOR WHERE DNI NOT BETWEEN 3000 AND 7000;

P                                                                                                                                                                                   
------------------------------------------------------------                                                                                                                        
JUAN                                                                                                                                                                                
CARLOS                                                                                                                                                                              
MARIO                                                                                                                                                                               
FRANCISCO                                                                                                                                                                           
ANGELA                                                                                                                                                                              
DAVID                                                                                                                                                                               
SOLEDAD                                                                                                                                                                             

7 rows selected.

SQL> SELECT CAS FROM PLAN_DOCENTE WHERE (DNI = 1111) AND (FF='NULL');
SELECT CAS FROM PLAN_DOCENTE WHERE (DNI = 1111) AND (FF='NULL')
                                                        *
ERROR at line 1:
ORA-01858: a non-numeric character was found where a numeric was expected 


SQL> SELECT CAS FROM PLAN_DOCENTE WHERE (DNI = 1111);

       CAS                                                                                                                                                                          
----------                                                                                                                                                                          
         8                                                                                                                                                                          
         8                                                                                                                                                                          

SQL> SELECT CAS FROM PLAN_DOCENTE WHERE (DNI = 1111) AND (FF='NULL');
SELECT CAS FROM PLAN_DOCENTE WHERE (DNI = 1111) AND (FF='NULL')
                                                        *
ERROR at line 1:
ORA-01858: a non-numeric character was found where a numeric was expected 


SQL> 
SQL> 
SQL> SELECT CAS FROM PLAN_DOCENTE WHERE (DNI = 1111) AND (FF=0);
SELECT CAS FROM PLAN_DOCENTE WHERE (DNI = 1111) AND (FF=0)
                                                       *
ERROR at line 1:
ORA-00932: inconsistent datatypes: expected DATE got NUMBER 


SQL> SELECT CAS FROM PLAN_DOCENTE WHERE (DNI = 1111) AND FF IS NULL;

       CAS                                                                                                                                                                          
----------                                                                                                                                                                          
         8                                                                                                                                                                          

SQL> SELECT SUM(CT, CP, CL) FROM ASIGNATURA WHERE (CAS = 1);
SELECT SUM(CT, CP, CL) FROM ASIGNATURA WHERE (CAS = 1)
       *
ERROR at line 1:
ORA-00909: invalid number of arguments 


SQL> SELECT SUM(CT) FROM ASIGNATURA WHERE (CAS = 1);

   SUM(CT)                                                                                                                                                                          
----------                                                                                                                                                                          
         3                                                                                                                                                                          

SQL> SELECT SUM(CT + CP + CL) FROM ASIGNATURA WHERE (CAS = 1);

SUM(CT+CP+CL)                                                                                                                                                                       
-------------                                                                                                                                                                       
            6                                                                                                                                                                       

SQL> SELECT SUM(CT + CP + CL) FROM ASIGNATURA;

SUM(CT+CP+CL)                                                                                                                                                                       
-------------                                                                                                                                                                       
         67.5                                                                                                                                                                       

SQL> SELECT SUM(CT + CP + CL) FROM ASIGNATURA WHERE (CAS != 0);

SUM(CT+CP+CL)                                                                                                                                                                       
-------------                                                                                                                                                                       
         67.5                                                                                                                                                                       

SQL> SELECT SUM(CT + CP + CL) FROM ASIGNATURA GROUP BY A;

SUM(CT+CP+CL)                                                                                                                                                                       
-------------                                                                                                                                                                       
            6                                                                                                                                                                       
            6                                                                                                                                                                       
            6                                                                                                                                                                       
            6                                                                                                                                                                       
            6                                                                                                                                                                       
            6                                                                                                                                                                       
            6                                                                                                                                                                       
          7.5                                                                                                                                                                       
            6                                                                                                                                                                       
            3                                                                                                                                                                       
            3                                                                                                                                                                       

SUM(CT+CP+CL)                                                                                                                                                                       
-------------                                                                                                                                                                       
            6                                                                                                                                                                       

12 rows selected.

SQL> SPOOL OFF
